Array
(
    [0] => Array
        (
            [file] => 
            [message] => broken link to yii\elasticsearch\ActiveQuery::addFacet()
        )

    [1] => Array
        (
            [line] => 18
            [file] => E:\Github\yii2\apps\advanced\backend\assets\AppAsset.php
            [message] => No docblock for element '$basePath'
        )

    [2] => Array
        (
            [line] => 18
            [file] => E:\Github\yii2\apps\advanced\backend\assets\AppAsset.php
            [message] => No short description for element '$basePath'
        )

    [3] => Array
        (
            [line] => 19
            [file] => E:\Github\yii2\apps\advanced\backend\assets\AppAsset.php
            [message] => No docblock for element '$baseUrl'
        )

    [4] => Array
        (
            [line] => 19
            [file] => E:\Github\yii2\apps\advanced\backend\assets\AppAsset.php
            [message] => No short description for element '$baseUrl'
        )

    [5] => Array
        (
            [line] => 20
            [file] => E:\Github\yii2\apps\advanced\backend\assets\AppAsset.php
            [message] => No docblock for element '$css'
        )

    [6] => Array
        (
            [line] => 20
            [file] => E:\Github\yii2\apps\advanced\backend\assets\AppAsset.php
            [message] => No short description for element '$css'
        )

    [7] => Array
        (
            [line] => 23
            [file] => E:\Github\yii2\apps\advanced\backend\assets\AppAsset.php
            [message] => No docblock for element '$js'
        )

    [8] => Array
        (
            [line] => 23
            [file] => E:\Github\yii2\apps\advanced\backend\assets\AppAsset.php
            [message] => No short description for element '$js'
        )

    [9] => Array
        (
            [line] => 25
            [file] => E:\Github\yii2\apps\advanced\backend\assets\AppAsset.php
            [message] => No docblock for element '$depends'
        )

    [10] => Array
        (
            [line] => 25
            [file] => E:\Github\yii2\apps\advanced\backend\assets\AppAsset.php
            [message] => No short description for element '$depends'
        )

    [11] => Array
        (
            [file] => E:\Github\yii2\apps\advanced\backend\controllers\SiteController.php
            [message] => broken link to \backend\controllers\Behavior in backend\controllers\SiteController
        )

    [12] => Array
        (
            [line] => 56
            [file] => E:\Github\yii2\apps\advanced\backend\controllers\SiteController.php
            [message] => No docblock for element 'actionIndex'
        )

    [13] => Array
        (
            [line] => 61
            [file] => E:\Github\yii2\apps\advanced\backend\controllers\SiteController.php
            [message] => No docblock for element 'actionLogin'
        )

    [14] => Array
        (
            [line] => 77
            [file] => E:\Github\yii2\apps\advanced\backend\controllers\SiteController.php
            [message] => No docblock for element 'actionLogout'
        )

    [15] => Array
        (
            [file] => E:\Github\yii2\apps\advanced\common\models\LoginForm.php
            [message] => broken link to \common\models\Validator in common\models\LoginForm
        )

    [16] => Array
        (
            [file] => E:\Github\yii2\apps\advanced\common\models\LoginForm.php
            [message] => broken link to \common\models\Validator::builtInValidators in common\models\LoginForm
        )

    [17] => Array
        (
            [line] => 12
            [file] => E:\Github\yii2\apps\advanced\common\models\LoginForm.php
            [message] => No docblock for element '$username'
        )

    [18] => Array
        (
            [line] => 12
            [file] => E:\Github\yii2\apps\advanced\common\models\LoginForm.php
            [message] => No short description for element '$username'
        )

    [19] => Array
        (
            [line] => 13
            [file] => E:\Github\yii2\apps\advanced\common\models\LoginForm.php
            [message] => No docblock for element '$password'
        )

    [20] => Array
        (
            [line] => 13
            [file] => E:\Github\yii2\apps\advanced\common\models\LoginForm.php
            [message] => No short description for element '$password'
        )

    [21] => Array
        (
            [line] => 14
            [file] => E:\Github\yii2\apps\advanced\common\models\LoginForm.php
            [message] => No docblock for element '$rememberMe'
        )

    [22] => Array
        (
            [line] => 14
            [file] => E:\Github\yii2\apps\advanced\common\models\LoginForm.php
            [message] => No short description for element '$rememberMe'
        )

    [23] => Array
        (
            [file] => E:\Github\yii2\apps\advanced\common\models\User.php
            [message] => broken link to \common\models\Behavior in common\models\User
        )

    [24] => Array
        (
            [file] => E:\Github\yii2\apps\advanced\common\models\User.php
            [message] => broken link to \common\models\Connection::tablePrefix in common\models\User
        )

    [25] => Array
        (
            [file] => E:\Github\yii2\apps\advanced\common\models\User.php
            [message] => broken link to \common\models\Connection::tablePrefix in common\models\User
        )

    [26] => Array
        (
            [file] => E:\Github\yii2\apps\advanced\common\models\User.php
            [message] => broken link to \common\models\Inflector::camel2id() in common\models\User
        )

    [27] => Array
        (
            [file] => E:\Github\yii2\apps\advanced\common\models\User.php
            [message] => broken link to \common\models\Validator in common\models\User
        )

    [28] => Array
        (
            [file] => E:\Github\yii2\apps\advanced\common\models\User.php
            [message] => broken link to \common\models\Validator::builtInValidators in common\models\User
        )

    [29] => Array
        (
            [file] => E:\Github\yii2\apps\advanced\common\models\User.php
            [message] => broken link to common\models\User::enableAutoLogin in common\models\User
        )

    [30] => Array
        (
            [file] => E:\Github\yii2\apps\advanced\common\models\User.php
            [message] => broken link to common\models\User::enableAutoLogin in common\models\User
        )

    [31] => Array
        (
            [line] => 18
            [file] => E:\Github\yii2\apps\advanced\frontend\assets\AppAsset.php
            [message] => No docblock for element '$basePath'
        )

    [32] => Array
        (
            [line] => 18
            [file] => E:\Github\yii2\apps\advanced\frontend\assets\AppAsset.php
            [message] => No short description for element '$basePath'
        )

    [33] => Array
        (
            [line] => 19
            [file] => E:\Github\yii2\apps\advanced\frontend\assets\AppAsset.php
            [message] => No docblock for element '$baseUrl'
        )

    [34] => Array
        (
            [line] => 19
            [file] => E:\Github\yii2\apps\advanced\frontend\assets\AppAsset.php
            [message] => No short description for element '$baseUrl'
        )

    [35] => Array
        (
            [line] => 20
            [file] => E:\Github\yii2\apps\advanced\frontend\assets\AppAsset.php
            [message] => No docblock for element '$css'
        )

    [36] => Array
        (
            [line] => 20
            [file] => E:\Github\yii2\apps\advanced\frontend\assets\AppAsset.php
            [message] => No short description for element '$css'
        )

    [37] => Array
        (
            [line] => 23
            [file] => E:\Github\yii2\apps\advanced\frontend\assets\AppAsset.php
            [message] => No docblock for element '$js'
        )

    [38] => Array
        (
            [line] => 23
            [file] => E:\Github\yii2\apps\advanced\frontend\assets\AppAsset.php
            [message] => No short description for element '$js'
        )

    [39] => Array
        (
            [line] => 25
            [file] => E:\Github\yii2\apps\advanced\frontend\assets\AppAsset.php
            [message] => No docblock for element '$depends'
        )

    [40] => Array
        (
            [line] => 25
            [file] => E:\Github\yii2\apps\advanced\frontend\assets\AppAsset.php
            [message] => No short description for element '$depends'
        )

    [41] => Array
        (
            [file] => E:\Github\yii2\apps\advanced\frontend\controllers\SiteController.php
            [message] => broken link to \frontend\controllers\Behavior in frontend\controllers\SiteController
        )

    [42] => Array
        (
            [line] => 68
            [file] => E:\Github\yii2\apps\advanced\frontend\controllers\SiteController.php
            [message] => No docblock for element 'actionIndex'
        )

    [43] => Array
        (
            [line] => 73
            [file] => E:\Github\yii2\apps\advanced\frontend\controllers\SiteController.php
            [message] => No docblock for element 'actionLogin'
        )

    [44] => Array
        (
            [line] => 89
            [file] => E:\Github\yii2\apps\advanced\frontend\controllers\SiteController.php
            [message] => No docblock for element 'actionLogout'
        )

    [45] => Array
        (
            [line] => 96
            [file] => E:\Github\yii2\apps\advanced\frontend\controllers\SiteController.php
            [message] => No docblock for element 'actionContact'
        )

    [46] => Array
        (
            [line] => 114
            [file] => E:\Github\yii2\apps\advanced\frontend\controllers\SiteController.php
            [message] => No docblock for element 'actionAbout'
        )

    [47] => Array
        (
            [line] => 119
            [file] => E:\Github\yii2\apps\advanced\frontend\controllers\SiteController.php
            [message] => No docblock for element 'actionSignup'
        )

    [48] => Array
        (
            [line] => 135
            [file] => E:\Github\yii2\apps\advanced\frontend\controllers\SiteController.php
            [message] => No docblock for element 'actionRequestPasswordReset'
        )

    [49] => Array
        (
            [line] => 153
            [file] => E:\Github\yii2\apps\advanced\frontend\controllers\SiteController.php
            [message] => No docblock for element 'actionResetPassword'
        )

    [50] => Array
        (
            [file] => E:\Github\yii2\apps\advanced\frontend\models\ContactForm.php
            [message] => broken link to \frontend\models\Validator in frontend\models\ContactForm
        )

    [51] => Array
        (
            [file] => E:\Github\yii2\apps\advanced\frontend\models\ContactForm.php
            [message] => broken link to \frontend\models\Validator::builtInValidators in frontend\models\ContactForm
        )

    [52] => Array
        (
            [line] => 13
            [file] => E:\Github\yii2\apps\advanced\frontend\models\ContactForm.php
            [message] => No docblock for element '$name'
        )

    [53] => Array
        (
            [line] => 13
            [file] => E:\Github\yii2\apps\advanced\frontend\models\ContactForm.php
            [message] => No short description for element '$name'
        )

    [54] => Array
        (
            [line] => 14
            [file] => E:\Github\yii2\apps\advanced\frontend\models\ContactForm.php
            [message] => No docblock for element '$email'
        )

    [55] => Array
        (
            [line] => 14
            [file] => E:\Github\yii2\apps\advanced\frontend\models\ContactForm.php
            [message] => No short description for element '$email'
        )

    [56] => Array
        (
            [line] => 15
            [file] => E:\Github\yii2\apps\advanced\frontend\models\ContactForm.php
            [message] => No docblock for element '$subject'
        )

    [57] => Array
        (
            [line] => 15
            [file] => E:\Github\yii2\apps\advanced\frontend\models\ContactForm.php
            [message] => No short description for element '$subject'
        )

    [58] => Array
        (
            [line] => 16
            [file] => E:\Github\yii2\apps\advanced\frontend\models\ContactForm.php
            [message] => No docblock for element '$body'
        )

    [59] => Array
        (
            [line] => 16
            [file] => E:\Github\yii2\apps\advanced\frontend\models\ContactForm.php
            [message] => No short description for element '$body'
        )

    [60] => Array
        (
            [line] => 17
            [file] => E:\Github\yii2\apps\advanced\frontend\models\ContactForm.php
            [message] => No docblock for element '$verifyCode'
        )

    [61] => Array
        (
            [line] => 17
            [file] => E:\Github\yii2\apps\advanced\frontend\models\ContactForm.php
            [message] => No short description for element '$verifyCode'
        )

    [62] => Array
        (
            [file] => E:\Github\yii2\apps\advanced\frontend\models\PasswordResetRequestForm.php
            [message] => broken link to \frontend\models\Validator in frontend\models\PasswordResetRequestForm
        )

    [63] => Array
        (
            [file] => E:\Github\yii2\apps\advanced\frontend\models\PasswordResetRequestForm.php
            [message] => broken link to \frontend\models\Validator::builtInValidators in frontend\models\PasswordResetRequestForm
        )

    [64] => Array
        (
            [line] => 12
            [file] => E:\Github\yii2\apps\advanced\frontend\models\PasswordResetRequestForm.php
            [message] => No docblock for element '$email'
        )

    [65] => Array
        (
            [line] => 12
            [file] => E:\Github\yii2\apps\advanced\frontend\models\PasswordResetRequestForm.php
            [message] => No docblock for element '$email'
        )

    [66] => Array
        (
            [line] => 12
            [file] => E:\Github\yii2\apps\advanced\frontend\models\PasswordResetRequestForm.php
            [message] => No short description for element '$email'
        )

    [67] => Array
        (
            [line] => 12
            [file] => E:\Github\yii2\apps\advanced\frontend\models\PasswordResetRequestForm.php
            [message] => No short description for element '$email'
        )

    [68] => Array
        (
            [file] => E:\Github\yii2\apps\advanced\frontend\models\ResetPasswordForm.php
            [message] => broken link to \frontend\models\Validator in frontend\models\ResetPasswordForm
        )

    [69] => Array
        (
            [file] => E:\Github\yii2\apps\advanced\frontend\models\ResetPasswordForm.php
            [message] => broken link to \frontend\models\Validator::builtInValidators in frontend\models\ResetPasswordForm
        )

    [70] => Array
        (
            [line] => 14
            [file] => E:\Github\yii2\apps\advanced\frontend\models\ResetPasswordForm.php
            [message] => No docblock for element '$password'
        )

    [71] => Array
        (
            [line] => 14
            [file] => E:\Github\yii2\apps\advanced\frontend\models\ResetPasswordForm.php
            [message] => No short description for element '$password'
        )

    [72] => Array
        (
            [file] => E:\Github\yii2\apps\advanced\frontend\models\SignupForm.php
            [message] => broken link to \frontend\models\Validator in frontend\models\SignupForm
        )

    [73] => Array
        (
            [file] => E:\Github\yii2\apps\advanced\frontend\models\SignupForm.php
            [message] => broken link to \frontend\models\Validator::builtInValidators in frontend\models\SignupForm
        )

    [74] => Array
        (
            [line] => 13
            [file] => E:\Github\yii2\apps\advanced\frontend\models\SignupForm.php
            [message] => No docblock for element '$username'
        )

    [75] => Array
        (
            [line] => 13
            [file] => E:\Github\yii2\apps\advanced\frontend\models\SignupForm.php
            [message] => No short description for element '$username'
        )

    [76] => Array
        (
            [line] => 14
            [file] => E:\Github\yii2\apps\advanced\frontend\models\SignupForm.php
            [message] => No docblock for element '$email'
        )

    [77] => Array
        (
            [line] => 14
            [file] => E:\Github\yii2\apps\advanced\frontend\models\SignupForm.php
            [message] => No short description for element '$email'
        )

    [78] => Array
        (
            [line] => 15
            [file] => E:\Github\yii2\apps\advanced\frontend\models\SignupForm.php
            [message] => No docblock for element '$password'
        )

    [79] => Array
        (
            [line] => 15
            [file] => E:\Github\yii2\apps\advanced\frontend\models\SignupForm.php
            [message] => No short description for element '$password'
        )

    [80] => Array
        (
            [line] => 50
            [file] => E:\Github\yii2\apps\advanced\frontend\widgets\Alert.php
            [message] => No docblock for element 'init'
        )

    [81] => Array
        (
            [line] => 18
            [file] => E:\Github\yii2\apps\basic\assets\AppAsset.php
            [message] => No docblock for element '$basePath'
        )

    [82] => Array
        (
            [line] => 18
            [file] => E:\Github\yii2\apps\basic\assets\AppAsset.php
            [message] => No short description for element '$basePath'
        )

    [83] => Array
        (
            [line] => 19
            [file] => E:\Github\yii2\apps\basic\assets\AppAsset.php
            [message] => No docblock for element '$baseUrl'
        )

    [84] => Array
        (
            [line] => 19
            [file] => E:\Github\yii2\apps\basic\assets\AppAsset.php
            [message] => No short description for element '$baseUrl'
        )

    [85] => Array
        (
            [line] => 20
            [file] => E:\Github\yii2\apps\basic\assets\AppAsset.php
            [message] => No docblock for element '$css'
        )

    [86] => Array
        (
            [line] => 20
            [file] => E:\Github\yii2\apps\basic\assets\AppAsset.php
            [message] => No short description for element '$css'
        )

    [87] => Array
        (
            [line] => 23
            [file] => E:\Github\yii2\apps\basic\assets\AppAsset.php
            [message] => No docblock for element '$js'
        )

    [88] => Array
        (
            [line] => 23
            [file] => E:\Github\yii2\apps\basic\assets\AppAsset.php
            [message] => No short description for element '$js'
        )

    [89] => Array
        (
            [line] => 25
            [file] => E:\Github\yii2\apps\basic\assets\AppAsset.php
            [message] => No docblock for element '$depends'
        )

    [90] => Array
        (
            [line] => 25
            [file] => E:\Github\yii2\apps\basic\assets\AppAsset.php
            [message] => No short description for element '$depends'
        )

    [91] => Array
        (
            [line] => 12
            [file] => E:\Github\yii2\apps\basic\controllers\SiteController.php
            [message] => No docblock for element 'app\controllers\SiteController'
        )

    [92] => Array
        (
            [line] => 14
            [file] => E:\Github\yii2\apps\basic\controllers\SiteController.php
            [message] => No docblock for element 'behaviors'
        )

    [93] => Array
        (
            [line] => 37
            [file] => E:\Github\yii2\apps\basic\controllers\SiteController.php
            [message] => No docblock for element 'actions'
        )

    [94] => Array
        (
            [line] => 50
            [file] => E:\Github\yii2\apps\basic\controllers\SiteController.php
            [message] => No docblock for element 'actionIndex'
        )

    [95] => Array
        (
            [line] => 55
            [file] => E:\Github\yii2\apps\basic\controllers\SiteController.php
            [message] => No docblock for element 'actionLogin'
        )

    [96] => Array
        (
            [line] => 71
            [file] => E:\Github\yii2\apps\basic\controllers\SiteController.php
            [message] => No docblock for element 'actionLogout'
        )

    [97] => Array
        (
            [line] => 78
            [file] => E:\Github\yii2\apps\basic\controllers\SiteController.php
            [message] => No docblock for element 'actionContact'
        )

    [98] => Array
        (
            [line] => 92
            [file] => E:\Github\yii2\apps\basic\controllers\SiteController.php
            [message] => No docblock for element 'actionAbout'
        )

    [99] => Array
        (
            [line] => 13
            [file] => E:\Github\yii2\apps\basic\models\ContactForm.php
            [message] => No docblock for element '$name'
        )

    [100] => Array
        (
            [line] => 13
            [file] => E:\Github\yii2\apps\basic\models\ContactForm.php
            [message] => No short description for element '$name'
        )

    [101] => Array
        (
            [line] => 14
            [file] => E:\Github\yii2\apps\basic\models\ContactForm.php
            [message] => No docblock for element '$email'
        )

    [102] => Array
        (
            [line] => 14
            [file] => E:\Github\yii2\apps\basic\models\ContactForm.php
            [message] => No short description for element '$email'
        )

    [103] => Array
        (
            [line] => 15
            [file] => E:\Github\yii2\apps\basic\models\ContactForm.php
            [message] => No docblock for element '$subject'
        )

    [104] => Array
        (
            [line] => 15
            [file] => E:\Github\yii2\apps\basic\models\ContactForm.php
            [message] => No short description for element '$subject'
        )

    [105] => Array
        (
            [line] => 16
            [file] => E:\Github\yii2\apps\basic\models\ContactForm.php
            [message] => No docblock for element '$body'
        )

    [106] => Array
        (
            [line] => 16
            [file] => E:\Github\yii2\apps\basic\models\ContactForm.php
            [message] => No short description for element '$body'
        )

    [107] => Array
        (
            [line] => 17
            [file] => E:\Github\yii2\apps\basic\models\ContactForm.php
            [message] => No docblock for element '$verifyCode'
        )

    [108] => Array
        (
            [line] => 17
            [file] => E:\Github\yii2\apps\basic\models\ContactForm.php
            [message] => No short description for element '$verifyCode'
        )

    [109] => Array
        (
            [line] => 13
            [file] => E:\Github\yii2\apps\basic\models\LoginForm.php
            [message] => No docblock for element '$username'
        )

    [110] => Array
        (
            [line] => 13
            [file] => E:\Github\yii2\apps\basic\models\LoginForm.php
            [message] => No short description for element '$username'
        )

    [111] => Array
        (
            [line] => 14
            [file] => E:\Github\yii2\apps\basic\models\LoginForm.php
            [message] => No docblock for element '$password'
        )

    [112] => Array
        (
            [line] => 14
            [file] => E:\Github\yii2\apps\basic\models\LoginForm.php
            [message] => No short description for element '$password'
        )

    [113] => Array
        (
            [line] => 15
            [file] => E:\Github\yii2\apps\basic\models\LoginForm.php
            [message] => No docblock for element '$rememberMe'
        )

    [114] => Array
        (
            [line] => 15
            [file] => E:\Github\yii2\apps\basic\models\LoginForm.php
            [message] => No short description for element '$rememberMe'
        )

    [115] => Array
        (
            [file] => E:\Github\yii2\apps\basic\models\User.php
            [message] => broken link to \User::enableAutoLogin in app\models\User
        )

    [116] => Array
        (
            [file] => E:\Github\yii2\apps\basic\models\User.php
            [message] => broken link to \User::enableAutoLogin in app\models\User
        )

    [117] => Array
        (
            [line] => 5
            [file] => E:\Github\yii2\apps\basic\models\User.php
            [message] => No docblock for element 'app\models\User'
        )

    [118] => Array
        (
            [line] => 7
            [file] => E:\Github\yii2\apps\basic\models\User.php
            [message] => No docblock for element '$id'
        )

    [119] => Array
        (
            [line] => 7
            [file] => E:\Github\yii2\apps\basic\models\User.php
            [message] => No short description for element '$id'
        )

    [120] => Array
        (
            [line] => 7
            [file] => E:\Github\yii2\apps\basic\models\User.php
            [message] => Property $id conflicts with a defined getter getId in app\models\User.
        )

    [121] => Array
        (
            [line] => 8
            [file] => E:\Github\yii2\apps\basic\models\User.php
            [message] => No docblock for element '$username'
        )

    [122] => Array
        (
            [line] => 8
            [file] => E:\Github\yii2\apps\basic\models\User.php
            [message] => No short description for element '$username'
        )

    [123] => Array
        (
            [line] => 9
            [file] => E:\Github\yii2\apps\basic\models\User.php
            [message] => No docblock for element '$password'
        )

    [124] => Array
        (
            [line] => 9
            [file] => E:\Github\yii2\apps\basic\models\User.php
            [message] => No short description for element '$password'
        )

    [125] => Array
        (
            [line] => 10
            [file] => E:\Github\yii2\apps\basic\models\User.php
            [message] => No docblock for element '$authKey'
        )

    [126] => Array
        (
            [line] => 10
            [file] => E:\Github\yii2\apps\basic\models\User.php
            [message] => No short description for element '$authKey'
        )

    [127] => Array
        (
            [line] => 10
            [file] => E:\Github\yii2\apps\basic\models\User.php
            [message] => Property $authKey conflicts with a defined getter getAuthKey in app\models\User.
        )

    [128] => Array
        (
            [line] => 11
            [file] => E:\Github\yii2\apps\basic\models\User.php
            [message] => No docblock for element '$accessToken'
        )

    [129] => Array
        (
            [line] => 11
            [file] => E:\Github\yii2\apps\basic\models\User.php
            [message] => No short description for element '$accessToken'
        )

    [130] => Array
        (
            [line] => 7
            [file] => E:\Github\yii2\apps\benchmark\protected\controllers\SiteController.php
            [message] => No docblock for element 'app\controllers\SiteController'
        )

    [131] => Array
        (
            [line] => 9
            [file] => E:\Github\yii2\apps\benchmark\protected\controllers\SiteController.php
            [message] => No docblock for element '$defaultAction'
        )

    [132] => Array
        (
            [line] => 9
            [file] => E:\Github\yii2\apps\benchmark\protected\controllers\SiteController.php
            [message] => No short description for element '$defaultAction'
        )

    [133] => Array
        (
            [line] => 11
            [file] => E:\Github\yii2\apps\benchmark\protected\controllers\SiteController.php
            [message] => No docblock for element 'actionHello'
        )

    [134] => Array
        (
            [line] => 23
            [file] => E:\Github\yii2\build\controllers\AppController.php
            [message] => No docblock for element '$defaultAction'
        )

    [135] => Array
        (
            [line] => 23
            [file] => E:\Github\yii2\build\controllers\AppController.php
            [message] => No short description for element '$defaultAction'
        )

    [136] => Array
        (
            [line] => 22
            [file] => E:\Github\yii2\build\controllers\ClassmapController.php
            [message] => No docblock for element '$defaultAction'
        )

    [137] => Array
        (
            [line] => 22
            [file] => E:\Github\yii2\build\controllers\ClassmapController.php
            [message] => No short description for element '$defaultAction'
        )

    [138] => Array
        (
            [line] => 24
            [file] => E:\Github\yii2\build\controllers\PhpDocController.php
            [message] => No docblock for element '$defaultAction'
        )

    [139] => Array
        (
            [line] => 24
            [file] => E:\Github\yii2\build\controllers\PhpDocController.php
            [message] => No short description for element '$defaultAction'
        )

    [140] => Array
        (
            [line] => 111
            [file] => E:\Github\yii2\build\controllers\PhpDocController.php
            [message] => No docblock for element 'findFiles'
        )

    [141] => Array
        (
            [line] => 369
            [file] => E:\Github\yii2\build\controllers\PhpDocController.php
            [message] => No docblock for element 'checkPropertyOrder'
        )

    [142] => Array
        (
            [line] => 374
            [file] => E:\Github\yii2\build\controllers\PhpDocController.php
            [message] => No docblock for element 'updateClassPropertyDocs'
        )

    [143] => Array
        (
            [line] => 498
            [file] => E:\Github\yii2\build\controllers\PhpDocController.php
            [message] => No docblock for element 'generateClassPropertyDocs'
        )

    [144] => Array
        (
            [line] => 624
            [file] => E:\Github\yii2\build\controllers\PhpDocController.php
            [message] => No docblock for element 'match'
        )

    [145] => Array
        (
            [line] => 645
            [file] => E:\Github\yii2\build\controllers\PhpDocController.php
            [message] => No docblock for element 'fixSentence'
        )

    [146] => Array
        (
            [line] => 653
            [file] => E:\Github\yii2\build\controllers\PhpDocController.php
            [message] => No docblock for element 'getPropParam'
        )

    [147] => Array
        (
            [line] => 21
            [file] => E:\Github\yii2\build\controllers\ReleaseController.php
            [message] => No docblock for element '$defaultAction'
        )

    [148] => Array
        (
            [line] => 21
            [file] => E:\Github\yii2\build\controllers\ReleaseController.php
            [message] => No short description for element '$defaultAction'
        )

    [149] => Array
        (
            [line] => 52
            [file] => E:\Github\yii2\build\controllers\ReleaseController.php
            [message] => No docblock for element 'closeChangelogs'
        )

    [150] => Array
        (
            [line] => 63
            [file] => E:\Github\yii2\build\controllers\ReleaseController.php
            [message] => No docblock for element 'openChangelogs'
        )

    [151] => Array
        (
            [line] => 80
            [file] => E:\Github\yii2\build\controllers\ReleaseController.php
            [message] => No docblock for element 'getChangelogs'
        )

    [152] => Array
        (
            [line] => 85
            [file] => E:\Github\yii2\build\controllers\ReleaseController.php
            [message] => No docblock for element 'composerSetStability'
        )

    [153] => Array
        (
            [line] => 109
            [file] => E:\Github\yii2\build\controllers\ReleaseController.php
            [message] => No docblock for element 'updateYiiVersion'
        )

    [154] => Array
        (
            [line] => 117
            [file] => E:\Github\yii2\build\controllers\ReleaseController.php
            [message] => No docblock for element 'sed'
        )

    [155] => Array
        (
            [line] => 24
            [file] => E:\Github\yii2\build\controllers\TranslationController.php
            [message] => No docblock for element '$defaultAction'
        )

    [156] => Array
        (
            [line] => 24
            [file] => E:\Github\yii2\build\controllers\TranslationController.php
            [message] => No short description for element '$defaultAction'
        )

    [157] => Array
        (
            [line] => 115
            [file] => E:\Github\yii2\extensions\apidoc\commands\ApiController.php
            [message] => Method param $path does not exist in parent method, @inheritdoc not possible in findFiles in yii\apidoc\commands\ApiController.
        )

    [158] => Array
        (
            [line] => 79
            [file] => E:\Github\yii2\extensions\apidoc\commands\GuideController.php
            [message] => Method param $path does not exist in parent method, @inheritdoc not possible in findFiles in yii\apidoc\commands\GuideController.
        )

    [159] => Array
        (
            [line] => 34
            [file] => E:\Github\yii2\extensions\apidoc\components\BaseController.php
            [message] => No docblock for element 'normalizeTargetDir'
        )

    [160] => Array
        (
            [line] => 55
            [file] => E:\Github\yii2\extensions\apidoc\components\BaseController.php
            [message] => No docblock for element 'searchFiles'
        )

    [161] => Array
        (
            [line] => 84
            [file] => E:\Github\yii2\extensions\apidoc\components\BaseController.php
            [message] => No docblock for element 'findFiles'
        )

    [162] => Array
        (
            [line] => 86
            [file] => E:\Github\yii2\extensions\apidoc\components\BaseController.php
            [message] => No docblock for element 'loadContext'
        )

    [163] => Array
        (
            [line] => 102
            [file] => E:\Github\yii2\extensions\apidoc\components\BaseController.php
            [message] => No docblock for element 'storeContext'
        )

    [164] => Array
        (
            [line] => 14
            [file] => E:\Github\yii2\extensions\apidoc\helpers\ApiIndexer.php
            [message] => No docblock for element 'yii\apidoc\helpers\ApiIndexer'
        )

    [165] => Array
        (
            [line] => 16
            [file] => E:\Github\yii2\extensions\apidoc\helpers\ApiIndexer.php
            [message] => No docblock for element 'generateFileInfo'
        )

    [166] => Array
        (
            [line] => 30
            [file] => E:\Github\yii2\extensions\apidoc\helpers\ApiMarkdown.php
            [message] => No short description for element '$renderer'
        )

    [167] => Array
        (
            [line] => 32
            [file] => E:\Github\yii2\extensions\apidoc\helpers\ApiMarkdown.php
            [message] => No docblock for element '$renderingContext'
        )

    [168] => Array
        (
            [line] => 32
            [file] => E:\Github\yii2\extensions\apidoc\helpers\ApiMarkdown.php
            [message] => No short description for element '$renderingContext'
        )

    [169] => Array
        (
            [line] => 49
            [file] => E:\Github\yii2\extensions\apidoc\helpers\ApiMarkdown.php
            [message] => No docblock for element 'highlight'
        )

    [170] => Array
        (
            [line] => 71
            [file] => E:\Github\yii2\extensions\apidoc\helpers\ApiMarkdown.php
            [message] => No docblock for element 'inlineMarkers'
        )

    [171] => Array
        (
            [line] => 81
            [file] => E:\Github\yii2\extensions\apidoc\helpers\ApiMarkdown.php
            [message] => Method renderHeadline has no parent to inherit from in yii\apidoc\helpers\ApiMarkdown.
        )

    [172] => Array
        (
            [line] => 94
            [file] => E:\Github\yii2\extensions\apidoc\helpers\ApiMarkdown.php
            [message] => Method parseLink has no parent to inherit from in yii\apidoc\helpers\ApiMarkdown.
        )

    [173] => Array
        (
            [line] => 28
            [file] => E:\Github\yii2\extensions\apidoc\helpers\ApiMarkdownLaTeX.php
            [message] => No short description for element '$renderer'
        )

    [174] => Array
        (
            [line] => 28
            [file] => E:\Github\yii2\extensions\apidoc\helpers\ApiMarkdownLaTeX.php
            [message] => No short description for element '$renderer'
        )

    [175] => Array
        (
            [line] => 30
            [file] => E:\Github\yii2\extensions\apidoc\helpers\ApiMarkdownLaTeX.php
            [message] => No docblock for element '$renderingContext'
        )

    [176] => Array
        (
            [line] => 30
            [file] => E:\Github\yii2\extensions\apidoc\helpers\ApiMarkdownLaTeX.php
            [message] => No docblock for element '$renderingContext'
        )

    [177] => Array
        (
            [line] => 30
            [file] => E:\Github\yii2\extensions\apidoc\helpers\ApiMarkdownLaTeX.php
            [message] => No short description for element '$renderingContext'
        )

    [178] => Array
        (
            [line] => 30
            [file] => E:\Github\yii2\extensions\apidoc\helpers\ApiMarkdownLaTeX.php
            [message] => No short description for element '$renderingContext'
        )

    [179] => Array
        (
            [line] => 33
            [file] => E:\Github\yii2\extensions\apidoc\helpers\ApiMarkdownLaTeX.php
            [message] => No docblock for element 'inlineMarkers'
        )

    [180] => Array
        (
            [line] => 33
            [file] => E:\Github\yii2\extensions\apidoc\helpers\ApiMarkdownLaTeX.php
            [message] => No docblock for element 'inlineMarkers'
        )

    [181] => Array
        (
            [line] => 40
            [file] => E:\Github\yii2\extensions\apidoc\helpers\ApiMarkdownLaTeX.php
            [message] => No docblock for element 'parseApiLinksLatex'
        )

    [182] => Array
        (
            [line] => 40
            [file] => E:\Github\yii2\extensions\apidoc\helpers\ApiMarkdownLaTeX.php
            [message] => No docblock for element 'parseApiLinksLatex'
        )

    [183] => Array
        (
            [line] => 21
            [file] => E:\Github\yii2\extensions\apidoc\helpers\ApiMarkdownTrait.php
            [message] => No docblock for element 'parseApiLinks'
        )

    [184] => Array
        (
            [line] => 12
            [file] => E:\Github\yii2\extensions\apidoc\helpers\IndexFileAnalyzer.php
            [message] => No docblock for element 'yii\apidoc\helpers\IndexFileAnalyzer'
        )

    [185] => Array
        (
            [line] => 14
            [file] => E:\Github\yii2\extensions\apidoc\helpers\IndexFileAnalyzer.php
            [message] => No docblock for element '$title'
        )

    [186] => Array
        (
            [line] => 14
            [file] => E:\Github\yii2\extensions\apidoc\helpers\IndexFileAnalyzer.php
            [message] => No short description for element '$title'
        )

    [187] => Array
        (
            [line] => 15
            [file] => E:\Github\yii2\extensions\apidoc\helpers\IndexFileAnalyzer.php
            [message] => No docblock for element '$introduction'
        )

    [188] => Array
        (
            [line] => 15
            [file] => E:\Github\yii2\extensions\apidoc\helpers\IndexFileAnalyzer.php
            [message] => No short description for element '$introduction'
        )

    [189] => Array
        (
            [line] => 21
            [file] => E:\Github\yii2\extensions\apidoc\helpers\IndexFileAnalyzer.php
            [message] => No docblock for element 'analyze'
        )

    [190] => Array
        (
            [line] => 28
            [file] => E:\Github\yii2\extensions\apidoc\helpers\IndexFileAnalyzer.php
            [message] => No docblock for element 'renderHeadline'
        )

    [191] => Array
        (
            [line] => 44
            [file] => E:\Github\yii2\extensions\apidoc\helpers\IndexFileAnalyzer.php
            [message] => No docblock for element 'renderParagraph'
        )

    [192] => Array
        (
            [line] => 52
            [file] => E:\Github\yii2\extensions\apidoc\helpers\IndexFileAnalyzer.php
            [message] => No docblock for element 'renderList'
        )

    [193] => Array
        (
            [line] => 21
            [file] => E:\Github\yii2\extensions\apidoc\helpers\PrettyPrinter.php
            [message] => No docblock for element 'pExpr_Array'
        )

    [194] => Array
        (
            [line] => 26
            [file] => E:\Github\yii2\extensions\apidoc\models\BaseDoc.php
            [message] => No short description for element '$phpDocContext'
        )

    [195] => Array
        (
            [line] => 27
            [file] => E:\Github\yii2\extensions\apidoc\models\BaseDoc.php
            [message] => No docblock for element '$name'
        )

    [196] => Array
        (
            [line] => 27
            [file] => E:\Github\yii2\extensions\apidoc\models\BaseDoc.php
            [message] => No short description for element '$name'
        )

    [197] => Array
        (
            [line] => 28
            [file] => E:\Github\yii2\extensions\apidoc\models\BaseDoc.php
            [message] => No docblock for element '$sourceFile'
        )

    [198] => Array
        (
            [line] => 28
            [file] => E:\Github\yii2\extensions\apidoc\models\BaseDoc.php
            [message] => No short description for element '$sourceFile'
        )

    [199] => Array
        (
            [line] => 29
            [file] => E:\Github\yii2\extensions\apidoc\models\BaseDoc.php
            [message] => No docblock for element '$startLine'
        )

    [200] => Array
        (
            [line] => 29
            [file] => E:\Github\yii2\extensions\apidoc\models\BaseDoc.php
            [message] => No short description for element '$startLine'
        )

    [201] => Array
        (
            [line] => 30
            [file] => E:\Github\yii2\extensions\apidoc\models\BaseDoc.php
            [message] => No docblock for element '$endLine'
        )

    [202] => Array
        (
            [line] => 30
            [file] => E:\Github\yii2\extensions\apidoc\models\BaseDoc.php
            [message] => No short description for element '$endLine'
        )

    [203] => Array
        (
            [line] => 31
            [file] => E:\Github\yii2\extensions\apidoc\models\BaseDoc.php
            [message] => No docblock for element '$shortDescription'
        )

    [204] => Array
        (
            [line] => 31
            [file] => E:\Github\yii2\extensions\apidoc\models\BaseDoc.php
            [message] => No short description for element '$shortDescription'
        )

    [205] => Array
        (
            [line] => 32
            [file] => E:\Github\yii2\extensions\apidoc\models\BaseDoc.php
            [message] => No docblock for element '$description'
        )

    [206] => Array
        (
            [line] => 32
            [file] => E:\Github\yii2\extensions\apidoc\models\BaseDoc.php
            [message] => No short description for element '$description'
        )

    [207] => Array
        (
            [line] => 33
            [file] => E:\Github\yii2\extensions\apidoc\models\BaseDoc.php
            [message] => No docblock for element '$since'
        )

    [208] => Array
        (
            [line] => 33
            [file] => E:\Github\yii2\extensions\apidoc\models\BaseDoc.php
            [message] => No short description for element '$since'
        )

    [209] => Array
        (
            [line] => 34
            [file] => E:\Github\yii2\extensions\apidoc\models\BaseDoc.php
            [message] => No docblock for element '$deprecatedSince'
        )

    [210] => Array
        (
            [line] => 34
            [file] => E:\Github\yii2\extensions\apidoc\models\BaseDoc.php
            [message] => No short description for element '$deprecatedSince'
        )

    [211] => Array
        (
            [line] => 35
            [file] => E:\Github\yii2\extensions\apidoc\models\BaseDoc.php
            [message] => No docblock for element '$deprecatedReason'
        )

    [212] => Array
        (
            [line] => 35
            [file] => E:\Github\yii2\extensions\apidoc\models\BaseDoc.php
            [message] => No short description for element '$deprecatedReason'
        )

    [213] => Array
        (
            [line] => 39
            [file] => E:\Github\yii2\extensions\apidoc\models\BaseDoc.php
            [message] => No short description for element '$tags'
        )

    [214] => Array
        (
            [line] => 42
            [file] => E:\Github\yii2\extensions\apidoc\models\BaseDoc.php
            [message] => No docblock for element 'hasTag'
        )

    [215] => Array
        (
            [line] => 52
            [file] => E:\Github\yii2\extensions\apidoc\models\BaseDoc.php
            [message] => No docblock for element 'removeTag'
        )

    [216] => Array
        (
            [line] => 128
            [file] => E:\Github\yii2\extensions\apidoc\models\BaseDoc.php
            [message] => No docblock for element 'extractFirstSentence'
        )

    [217] => Array
        (
            [line] => 20
            [file] => E:\Github\yii2\extensions\apidoc\models\ClassDoc.php
            [message] => No docblock for element '$parentClass'
        )

    [218] => Array
        (
            [line] => 20
            [file] => E:\Github\yii2\extensions\apidoc\models\ClassDoc.php
            [message] => No short description for element '$parentClass'
        )

    [219] => Array
        (
            [line] => 21
            [file] => E:\Github\yii2\extensions\apidoc\models\ClassDoc.php
            [message] => No docblock for element '$isAbstract'
        )

    [220] => Array
        (
            [line] => 21
            [file] => E:\Github\yii2\extensions\apidoc\models\ClassDoc.php
            [message] => No short description for element '$isAbstract'
        )

    [221] => Array
        (
            [line] => 22
            [file] => E:\Github\yii2\extensions\apidoc\models\ClassDoc.php
            [message] => No docblock for element '$isFinal'
        )

    [222] => Array
        (
            [line] => 22
            [file] => E:\Github\yii2\extensions\apidoc\models\ClassDoc.php
            [message] => No short description for element '$isFinal'
        )

    [223] => Array
        (
            [line] => 26
            [file] => E:\Github\yii2\extensions\apidoc\models\ClassDoc.php
            [message] => No short description for element '$interfaces'
        )

    [224] => Array
        (
            [line] => 27
            [file] => E:\Github\yii2\extensions\apidoc\models\ClassDoc.php
            [message] => No docblock for element '$traits'
        )

    [225] => Array
        (
            [line] => 27
            [file] => E:\Github\yii2\extensions\apidoc\models\ClassDoc.php
            [message] => No short description for element '$traits'
        )

    [226] => Array
        (
            [line] => 29
            [file] => E:\Github\yii2\extensions\apidoc\models\ClassDoc.php
            [message] => No docblock for element '$subclasses'
        )

    [227] => Array
        (
            [line] => 29
            [file] => E:\Github\yii2\extensions\apidoc\models\ClassDoc.php
            [message] => No short description for element '$subclasses'
        )

    [228] => Array
        (
            [line] => 33
            [file] => E:\Github\yii2\extensions\apidoc\models\ClassDoc.php
            [message] => No short description for element '$events'
        )

    [229] => Array
        (
            [line] => 37
            [file] => E:\Github\yii2\extensions\apidoc\models\ClassDoc.php
            [message] => No short description for element '$constants'
        )

    [230] => Array
        (
            [line] => 40
            [file] => E:\Github\yii2\extensions\apidoc\models\ClassDoc.php
            [message] => No docblock for element 'findSubject'
        )

    [231] => Array
        (
            [line] => 18
            [file] => E:\Github\yii2\extensions\apidoc\models\ConstDoc.php
            [message] => No docblock for element '$definedBy'
        )

    [232] => Array
        (
            [line] => 18
            [file] => E:\Github\yii2\extensions\apidoc\models\ConstDoc.php
            [message] => No short description for element '$definedBy'
        )

    [233] => Array
        (
            [line] => 19
            [file] => E:\Github\yii2\extensions\apidoc\models\ConstDoc.php
            [message] => No docblock for element '$value'
        )

    [234] => Array
        (
            [line] => 19
            [file] => E:\Github\yii2\extensions\apidoc\models\ConstDoc.php
            [message] => No short description for element '$value'
        )

    [235] => Array
        (
            [line] => 27
            [file] => E:\Github\yii2\extensions\apidoc\models\Context.php
            [message] => No short description for element '$classes'
        )

    [236] => Array
        (
            [line] => 31
            [file] => E:\Github\yii2\extensions\apidoc\models\Context.php
            [message] => No short description for element '$interfaces'
        )

    [237] => Array
        (
            [line] => 35
            [file] => E:\Github\yii2\extensions\apidoc\models\Context.php
            [message] => No short description for element '$traits'
        )

    [238] => Array
        (
            [line] => 36
            [file] => E:\Github\yii2\extensions\apidoc\models\Context.php
            [message] => No docblock for element '$errors'
        )

    [239] => Array
        (
            [line] => 36
            [file] => E:\Github\yii2\extensions\apidoc\models\Context.php
            [message] => No short description for element '$errors'
        )

    [240] => Array
        (
            [line] => 39
            [file] => E:\Github\yii2\extensions\apidoc\models\Context.php
            [message] => No docblock for element 'getType'
        )

    [241] => Array
        (
            [line] => 53
            [file] => E:\Github\yii2\extensions\apidoc\models\Context.php
            [message] => No docblock for element 'addFile'
        )

    [242] => Array
        (
            [line] => 74
            [file] => E:\Github\yii2\extensions\apidoc\models\Context.php
            [message] => No docblock for element 'updateReferences'
        )

    [243] => Array
        (
            [line] => 20
            [file] => E:\Github\yii2\extensions\apidoc\models\EventDoc.php
            [message] => No docblock for element '$type'
        )

    [244] => Array
        (
            [line] => 20
            [file] => E:\Github\yii2\extensions\apidoc\models\EventDoc.php
            [message] => No short description for element '$type'
        )

    [245] => Array
        (
            [line] => 21
            [file] => E:\Github\yii2\extensions\apidoc\models\EventDoc.php
            [message] => No docblock for element '$types'
        )

    [246] => Array
        (
            [line] => 21
            [file] => E:\Github\yii2\extensions\apidoc\models\EventDoc.php
            [message] => No short description for element '$types'
        )

    [247] => Array
        (
            [line] => 26
            [file] => E:\Github\yii2\extensions\apidoc\models\FunctionDoc.php
            [message] => No short description for element '$params'
        )

    [248] => Array
        (
            [line] => 27
            [file] => E:\Github\yii2\extensions\apidoc\models\FunctionDoc.php
            [message] => No docblock for element '$exceptions'
        )

    [249] => Array
        (
            [line] => 27
            [file] => E:\Github\yii2\extensions\apidoc\models\FunctionDoc.php
            [message] => No short description for element '$exceptions'
        )

    [250] => Array
        (
            [line] => 28
            [file] => E:\Github\yii2\extensions\apidoc\models\FunctionDoc.php
            [message] => No docblock for element '$return'
        )

    [251] => Array
        (
            [line] => 28
            [file] => E:\Github\yii2\extensions\apidoc\models\FunctionDoc.php
            [message] => No short description for element '$return'
        )

    [252] => Array
        (
            [line] => 29
            [file] => E:\Github\yii2\extensions\apidoc\models\FunctionDoc.php
            [message] => No docblock for element '$returnType'
        )

    [253] => Array
        (
            [line] => 29
            [file] => E:\Github\yii2\extensions\apidoc\models\FunctionDoc.php
            [message] => No short description for element '$returnType'
        )

    [254] => Array
        (
            [line] => 30
            [file] => E:\Github\yii2\extensions\apidoc\models\FunctionDoc.php
            [message] => No docblock for element '$returnTypes'
        )

    [255] => Array
        (
            [line] => 30
            [file] => E:\Github\yii2\extensions\apidoc\models\FunctionDoc.php
            [message] => No short description for element '$returnTypes'
        )

    [256] => Array
        (
            [line] => 31
            [file] => E:\Github\yii2\extensions\apidoc\models\FunctionDoc.php
            [message] => No docblock for element '$isReturnByReference'
        )

    [257] => Array
        (
            [line] => 31
            [file] => E:\Github\yii2\extensions\apidoc\models\FunctionDoc.php
            [message] => No short description for element '$isReturnByReference'
        )

    [258] => Array
        (
            [line] => 18
            [file] => E:\Github\yii2\extensions\apidoc\models\InterfaceDoc.php
            [message] => No docblock for element '$parentInterfaces'
        )

    [259] => Array
        (
            [line] => 18
            [file] => E:\Github\yii2\extensions\apidoc\models\InterfaceDoc.php
            [message] => No short description for element '$parentInterfaces'
        )

    [260] => Array
        (
            [line] => 20
            [file] => E:\Github\yii2\extensions\apidoc\models\InterfaceDoc.php
            [message] => No docblock for element '$implementedBy'
        )

    [261] => Array
        (
            [line] => 20
            [file] => E:\Github\yii2\extensions\apidoc\models\InterfaceDoc.php
            [message] => No short description for element '$implementedBy'
        )

    [262] => Array
        (
            [line] => 18
            [file] => E:\Github\yii2\extensions\apidoc\models\MethodDoc.php
            [message] => No docblock for element '$isAbstract'
        )

    [263] => Array
        (
            [line] => 18
            [file] => E:\Github\yii2\extensions\apidoc\models\MethodDoc.php
            [message] => No short description for element '$isAbstract'
        )

    [264] => Array
        (
            [line] => 19
            [file] => E:\Github\yii2\extensions\apidoc\models\MethodDoc.php
            [message] => No docblock for element '$isFinal'
        )

    [265] => Array
        (
            [line] => 19
            [file] => E:\Github\yii2\extensions\apidoc\models\MethodDoc.php
            [message] => No short description for element '$isFinal'
        )

    [266] => Array
        (
            [line] => 20
            [file] => E:\Github\yii2\extensions\apidoc\models\MethodDoc.php
            [message] => No docblock for element '$isStatic'
        )

    [267] => Array
        (
            [line] => 20
            [file] => E:\Github\yii2\extensions\apidoc\models\MethodDoc.php
            [message] => No short description for element '$isStatic'
        )

    [268] => Array
        (
            [line] => 21
            [file] => E:\Github\yii2\extensions\apidoc\models\MethodDoc.php
            [message] => No docblock for element '$visibility'
        )

    [269] => Array
        (
            [line] => 21
            [file] => E:\Github\yii2\extensions\apidoc\models\MethodDoc.php
            [message] => No short description for element '$visibility'
        )

    [270] => Array
        (
            [line] => 23
            [file] => E:\Github\yii2\extensions\apidoc\models\MethodDoc.php
            [message] => No docblock for element '$definedBy'
        )

    [271] => Array
        (
            [line] => 23
            [file] => E:\Github\yii2\extensions\apidoc\models\MethodDoc.php
            [message] => No short description for element '$definedBy'
        )

    [272] => Array
        (
            [line] => 21
            [file] => E:\Github\yii2\extensions\apidoc\models\ParamDoc.php
            [message] => No docblock for element '$name'
        )

    [273] => Array
        (
            [line] => 21
            [file] => E:\Github\yii2\extensions\apidoc\models\ParamDoc.php
            [message] => No short description for element '$name'
        )

    [274] => Array
        (
            [line] => 22
            [file] => E:\Github\yii2\extensions\apidoc\models\ParamDoc.php
            [message] => No docblock for element '$typeHint'
        )

    [275] => Array
        (
            [line] => 22
            [file] => E:\Github\yii2\extensions\apidoc\models\ParamDoc.php
            [message] => No short description for element '$typeHint'
        )

    [276] => Array
        (
            [line] => 23
            [file] => E:\Github\yii2\extensions\apidoc\models\ParamDoc.php
            [message] => No docblock for element '$isOptional'
        )

    [277] => Array
        (
            [line] => 23
            [file] => E:\Github\yii2\extensions\apidoc\models\ParamDoc.php
            [message] => No short description for element '$isOptional'
        )

    [278] => Array
        (
            [line] => 24
            [file] => E:\Github\yii2\extensions\apidoc\models\ParamDoc.php
            [message] => No docblock for element '$defaultValue'
        )

    [279] => Array
        (
            [line] => 24
            [file] => E:\Github\yii2\extensions\apidoc\models\ParamDoc.php
            [message] => No short description for element '$defaultValue'
        )

    [280] => Array
        (
            [line] => 25
            [file] => E:\Github\yii2\extensions\apidoc\models\ParamDoc.php
            [message] => No docblock for element '$isPassedByReference'
        )

    [281] => Array
        (
            [line] => 25
            [file] => E:\Github\yii2\extensions\apidoc\models\ParamDoc.php
            [message] => No short description for element '$isPassedByReference'
        )

    [282] => Array
        (
            [line] => 27
            [file] => E:\Github\yii2\extensions\apidoc\models\ParamDoc.php
            [message] => No docblock for element '$description'
        )

    [283] => Array
        (
            [line] => 27
            [file] => E:\Github\yii2\extensions\apidoc\models\ParamDoc.php
            [message] => No short description for element '$description'
        )

    [284] => Array
        (
            [line] => 28
            [file] => E:\Github\yii2\extensions\apidoc\models\ParamDoc.php
            [message] => No docblock for element '$type'
        )

    [285] => Array
        (
            [line] => 28
            [file] => E:\Github\yii2\extensions\apidoc\models\ParamDoc.php
            [message] => No short description for element '$type'
        )

    [286] => Array
        (
            [line] => 29
            [file] => E:\Github\yii2\extensions\apidoc\models\ParamDoc.php
            [message] => No docblock for element '$types'
        )

    [287] => Array
        (
            [line] => 29
            [file] => E:\Github\yii2\extensions\apidoc\models\ParamDoc.php
            [message] => No short description for element '$types'
        )

    [288] => Array
        (
            [line] => 30
            [file] => E:\Github\yii2\extensions\apidoc\models\ParamDoc.php
            [message] => No docblock for element '$sourceFile'
        )

    [289] => Array
        (
            [line] => 30
            [file] => E:\Github\yii2\extensions\apidoc\models\ParamDoc.php
            [message] => No short description for element '$sourceFile'
        )

    [290] => Array
        (
            [line] => 21
            [file] => E:\Github\yii2\extensions\apidoc\models\PropertyDoc.php
            [message] => No docblock for element '$visibility'
        )

    [291] => Array
        (
            [line] => 21
            [file] => E:\Github\yii2\extensions\apidoc\models\PropertyDoc.php
            [message] => No short description for element '$visibility'
        )

    [292] => Array
        (
            [line] => 22
            [file] => E:\Github\yii2\extensions\apidoc\models\PropertyDoc.php
            [message] => No docblock for element '$isStatic'
        )

    [293] => Array
        (
            [line] => 22
            [file] => E:\Github\yii2\extensions\apidoc\models\PropertyDoc.php
            [message] => No short description for element '$isStatic'
        )

    [294] => Array
        (
            [line] => 23
            [file] => E:\Github\yii2\extensions\apidoc\models\PropertyDoc.php
            [message] => No docblock for element '$type'
        )

    [295] => Array
        (
            [line] => 23
            [file] => E:\Github\yii2\extensions\apidoc\models\PropertyDoc.php
            [message] => No short description for element '$type'
        )

    [296] => Array
        (
            [line] => 24
            [file] => E:\Github\yii2\extensions\apidoc\models\PropertyDoc.php
            [message] => No docblock for element '$types'
        )

    [297] => Array
        (
            [line] => 24
            [file] => E:\Github\yii2\extensions\apidoc\models\PropertyDoc.php
            [message] => No short description for element '$types'
        )

    [298] => Array
        (
            [line] => 25
            [file] => E:\Github\yii2\extensions\apidoc\models\PropertyDoc.php
            [message] => No docblock for element '$defaultValue'
        )

    [299] => Array
        (
            [line] => 25
            [file] => E:\Github\yii2\extensions\apidoc\models\PropertyDoc.php
            [message] => No short description for element '$defaultValue'
        )

    [300] => Array
        (
            [line] => 27
            [file] => E:\Github\yii2\extensions\apidoc\models\PropertyDoc.php
            [message] => No docblock for element '$getter'
        )

    [301] => Array
        (
            [line] => 27
            [file] => E:\Github\yii2\extensions\apidoc\models\PropertyDoc.php
            [message] => No short description for element '$getter'
        )

    [302] => Array
        (
            [line] => 28
            [file] => E:\Github\yii2\extensions\apidoc\models\PropertyDoc.php
            [message] => No docblock for element '$setter'
        )

    [303] => Array
        (
            [line] => 28
            [file] => E:\Github\yii2\extensions\apidoc\models\PropertyDoc.php
            [message] => No short description for element '$setter'
        )

    [304] => Array
        (
            [line] => 30
            [file] => E:\Github\yii2\extensions\apidoc\models\PropertyDoc.php
            [message] => No docblock for element '$definedBy'
        )

    [305] => Array
        (
            [line] => 30
            [file] => E:\Github\yii2\extensions\apidoc\models\PropertyDoc.php
            [message] => No short description for element '$definedBy'
        )

    [306] => Array
        (
            [line] => 33
            [file] => E:\Github\yii2\extensions\apidoc\models\PropertyDoc.php
            [message] => No docblock for element 'getIsReadOnly'
        )

    [307] => Array
        (
            [line] => 38
            [file] => E:\Github\yii2\extensions\apidoc\models\PropertyDoc.php
            [message] => No docblock for element 'getIsWriteOnly'
        )

    [308] => Array
        (
            [line] => 20
            [file] => E:\Github\yii2\extensions\apidoc\models\TraitDoc.php
            [message] => No docblock for element '$usedBy'
        )

    [309] => Array
        (
            [line] => 20
            [file] => E:\Github\yii2\extensions\apidoc\models\TraitDoc.php
            [message] => No short description for element '$usedBy'
        )

    [310] => Array
        (
            [line] => 21
            [file] => E:\Github\yii2\extensions\apidoc\models\TraitDoc.php
            [message] => No docblock for element '$traits'
        )

    [311] => Array
        (
            [line] => 21
            [file] => E:\Github\yii2\extensions\apidoc\models\TraitDoc.php
            [message] => No short description for element '$traits'
        )

    [312] => Array
        (
            [line] => 28
            [file] => E:\Github\yii2\extensions\apidoc\models\TypeDoc.php
            [message] => No docblock for element '$authors'
        )

    [313] => Array
        (
            [line] => 28
            [file] => E:\Github\yii2\extensions\apidoc\models\TypeDoc.php
            [message] => No short description for element '$authors'
        )

    [314] => Array
        (
            [line] => 32
            [file] => E:\Github\yii2\extensions\apidoc\models\TypeDoc.php
            [message] => No short description for element '$methods'
        )

    [315] => Array
        (
            [line] => 36
            [file] => E:\Github\yii2\extensions\apidoc\models\TypeDoc.php
            [message] => No short description for element '$properties'
        )

    [316] => Array
        (
            [line] => 37
            [file] => E:\Github\yii2\extensions\apidoc\models\TypeDoc.php
            [message] => No docblock for element '$namespace'
        )

    [317] => Array
        (
            [line] => 37
            [file] => E:\Github\yii2\extensions\apidoc\models\TypeDoc.php
            [message] => No short description for element '$namespace'
        )

    [318] => Array
        (
            [line] => 36
            [file] => E:\Github\yii2\extensions\apidoc\renderers\BaseRenderer.php
            [message] => No docblock for element '$apiUrl'
        )

    [319] => Array
        (
            [line] => 36
            [file] => E:\Github\yii2\extensions\apidoc\renderers\BaseRenderer.php
            [message] => No short description for element '$apiUrl'
        )

    [320] => Array
        (
            [line] => 45
            [file] => E:\Github\yii2\extensions\apidoc\renderers\BaseRenderer.php
            [message] => No docblock for element '$guideUrl'
        )

    [321] => Array
        (
            [line] => 45
            [file] => E:\Github\yii2\extensions\apidoc\renderers\BaseRenderer.php
            [message] => No short description for element '$guideUrl'
        )

    [322] => Array
        (
            [line] => 48
            [file] => E:\Github\yii2\extensions\apidoc\renderers\BaseRenderer.php
            [message] => No docblock for element 'init'
        )

    [323] => Array
        (
            [line] => 30
            [file] => E:\Github\yii2\extensions\apidoc\renderers\GuideRenderer.php
            [message] => No docblock for element 'loadGuideStructure'
        )

    [324] => Array
        (
            [file] => E:\Github\yii2\extensions\apidoc\templates\bootstrap\ApiRenderer.php
            [message] => broken link to \yii\apidoc\templates\bootstrap\Context in yii\apidoc\templates\bootstrap\ApiRenderer
        )

    [325] => Array
        (
            [file] => E:\Github\yii2\extensions\apidoc\templates\bootstrap\ApiRenderer.php
            [message] => broken link to \yii\apidoc\templates\bootstrap\Context in yii\apidoc\templates\bootstrap\ApiRenderer
        )

    [326] => Array
        (
            [line] => 24
            [file] => E:\Github\yii2\extensions\apidoc\templates\bootstrap\ApiRenderer.php
            [message] => No docblock for element '$layout'
        )

    [327] => Array
        (
            [line] => 24
            [file] => E:\Github\yii2\extensions\apidoc\templates\bootstrap\ApiRenderer.php
            [message] => No short description for element '$layout'
        )

    [328] => Array
        (
            [line] => 25
            [file] => E:\Github\yii2\extensions\apidoc\templates\bootstrap\ApiRenderer.php
            [message] => No docblock for element '$indexView'
        )

    [329] => Array
        (
            [line] => 25
            [file] => E:\Github\yii2\extensions\apidoc\templates\bootstrap\ApiRenderer.php
            [message] => No short description for element '$indexView'
        )

    [330] => Array
        (
            [line] => 95
            [file] => E:\Github\yii2\extensions\apidoc\templates\bootstrap\ApiRenderer.php
            [message] => No docblock for element 'getSourceUrl'
        )

    [331] => Array
        (
            [file] => E:\Github\yii2\extensions\apidoc\templates\bootstrap\GuideRenderer.php
            [message] => broken link to \yii\apidoc\templates\bootstrap\Context in yii\apidoc\templates\bootstrap\GuideRenderer
        )

    [332] => Array
        (
            [file] => E:\Github\yii2\extensions\apidoc\templates\bootstrap\GuideRenderer.php
            [message] => broken link to \yii\apidoc\templates\bootstrap\Context in yii\apidoc\templates\bootstrap\GuideRenderer
        )

    [333] => Array
        (
            [line] => 24
            [file] => E:\Github\yii2\extensions\apidoc\templates\bootstrap\GuideRenderer.php
            [message] => No docblock for element '$layout'
        )

    [334] => Array
        (
            [line] => 24
            [file] => E:\Github\yii2\extensions\apidoc\templates\bootstrap\GuideRenderer.php
            [message] => No short description for element '$layout'
        )

    [335] => Array
        (
            [line] => 10
            [file] => E:\Github\yii2\extensions\apidoc\templates\bootstrap\RendererTrait.php
            [message] => No docblock for element 'yii\apidoc\templates\bootstrap\RendererTrait'
        )

    [336] => Array
        (
            [line] => 12
            [file] => E:\Github\yii2\extensions\apidoc\templates\bootstrap\RendererTrait.php
            [message] => No docblock for element '$extensions'
        )

    [337] => Array
        (
            [line] => 12
            [file] => E:\Github\yii2\extensions\apidoc\templates\bootstrap\RendererTrait.php
            [message] => No short description for element '$extensions'
        )

    [338] => Array
        (
            [line] => 32
            [file] => E:\Github\yii2\extensions\apidoc\templates\bootstrap\RendererTrait.php
            [message] => No docblock for element 'getNavTypes'
        )

    [339] => Array
        (
            [line] => 41
            [file] => E:\Github\yii2\extensions\apidoc\templates\bootstrap\RendererTrait.php
            [message] => No docblock for element 'getTypeCategory'
        )

    [340] => Array
        (
            [line] => 63
            [file] => E:\Github\yii2\extensions\apidoc\templates\bootstrap\RendererTrait.php
            [message] => No docblock for element 'filterTypes'
        )

    [341] => Array
        (
            [file] => E:\Github\yii2\extensions\apidoc\templates\bootstrap\SideNavWidget.php
            [message] => broken link to \yii\apidoc\templates\bootstrap\Dropdown in yii\apidoc\templates\bootstrap\SideNavWidget
        )

    [342] => Array
        (
            [file] => E:\Github\yii2\extensions\apidoc\templates\bootstrap\SideNavWidget.php
            [message] => broken link to \yii\apidoc\templates\bootstrap\isItemActive in yii\apidoc\templates\bootstrap\SideNavWidget
        )

    [343] => Array
        (
            [file] => E:\Github\yii2\extensions\apidoc\templates\bootstrap\SideNavWidget.php
            [message] => broken link to \yii\apidoc\templates\bootstrap\params in yii\apidoc\templates\bootstrap\SideNavWidget
        )

    [344] => Array
        (
            [line] => 20
            [file] => E:\Github\yii2\extensions\apidoc\templates\bootstrap\assets\AssetBundle.php
            [message] => No docblock for element '$sourcePath'
        )

    [345] => Array
        (
            [line] => 20
            [file] => E:\Github\yii2\extensions\apidoc\templates\bootstrap\assets\AssetBundle.php
            [message] => No short description for element '$sourcePath'
        )

    [346] => Array
        (
            [line] => 21
            [file] => E:\Github\yii2\extensions\apidoc\templates\bootstrap\assets\AssetBundle.php
            [message] => No docblock for element '$css'
        )

    [347] => Array
        (
            [line] => 21
            [file] => E:\Github\yii2\extensions\apidoc\templates\bootstrap\assets\AssetBundle.php
            [message] => No short description for element '$css'
        )

    [348] => Array
        (
            [line] => 25
            [file] => E:\Github\yii2\extensions\apidoc\templates\bootstrap\assets\AssetBundle.php
            [message] => No docblock for element '$depends'
        )

    [349] => Array
        (
            [line] => 25
            [file] => E:\Github\yii2\extensions\apidoc\templates\bootstrap\assets\AssetBundle.php
            [message] => No short description for element '$depends'
        )

    [350] => Array
        (
            [line] => 30
            [file] => E:\Github\yii2\extensions\apidoc\templates\bootstrap\assets\AssetBundle.php
            [message] => No docblock for element '$jsOptions'
        )

    [351] => Array
        (
            [line] => 30
            [file] => E:\Github\yii2\extensions\apidoc\templates\bootstrap\assets\AssetBundle.php
            [message] => No short description for element '$jsOptions'
        )

    [352] => Array
        (
            [line] => 20
            [file] => E:\Github\yii2\extensions\apidoc\templates\bootstrap\assets\JsSearchAsset.php
            [message] => No docblock for element '$sourcePath'
        )

    [353] => Array
        (
            [line] => 20
            [file] => E:\Github\yii2\extensions\apidoc\templates\bootstrap\assets\JsSearchAsset.php
            [message] => No short description for element '$sourcePath'
        )

    [354] => Array
        (
            [line] => 21
            [file] => E:\Github\yii2\extensions\apidoc\templates\bootstrap\assets\JsSearchAsset.php
            [message] => No docblock for element '$js'
        )

    [355] => Array
        (
            [line] => 21
            [file] => E:\Github\yii2\extensions\apidoc\templates\bootstrap\assets\JsSearchAsset.php
            [message] => No short description for element '$js'
        )

    [356] => Array
        (
            [line] => 24
            [file] => E:\Github\yii2\extensions\apidoc\templates\bootstrap\assets\JsSearchAsset.php
            [message] => No docblock for element '$depends'
        )

    [357] => Array
        (
            [line] => 24
            [file] => E:\Github\yii2\extensions\apidoc\templates\bootstrap\assets\JsSearchAsset.php
            [message] => No short description for element '$depends'
        )

    [358] => Array
        (
            [line] => 27
            [file] => E:\Github\yii2\extensions\apidoc\templates\bootstrap\assets\JsSearchAsset.php
            [message] => No docblock for element '$jsOptions'
        )

    [359] => Array
        (
            [line] => 27
            [file] => E:\Github\yii2\extensions\apidoc\templates\bootstrap\assets\JsSearchAsset.php
            [message] => No short description for element '$jsOptions'
        )

    [360] => Array
        (
            [line] => 57
            [file] => E:\Github\yii2\extensions\apidoc\templates\html\ApiRenderer.php
            [message] => No docblock for element 'init'
        )

    [361] => Array
        (
            [line] => 130
            [file] => E:\Github\yii2\extensions\apidoc\templates\html\ApiRenderer.php
            [message] => No docblock for element 'renderWithLayout'
        )

    [362] => Array
        (
            [line] => 262
            [file] => E:\Github\yii2\extensions\apidoc\templates\html\ApiRenderer.php
            [message] => No docblock for element 'generateApiUrl'
        )

    [363] => Array
        (
            [line] => 267
            [file] => E:\Github\yii2\extensions\apidoc\templates\html\ApiRenderer.php
            [message] => No docblock for element 'generateFileName'
        )

    [364] => Array
        (
            [line] => 290
            [file] => E:\Github\yii2\extensions\apidoc\templates\html\ApiRenderer.php
            [message] => No docblock for element 'getSourceUrl'
        )

    [365] => Array
        (
            [file] => E:\Github\yii2\extensions\apidoc\templates\html\GuideRenderer.php
            [message] => broken link to \yii\apidoc\templates\html\Context in yii\apidoc\templates\html\GuideRenderer
        )

    [366] => Array
        (
            [file] => E:\Github\yii2\extensions\apidoc\templates\html\GuideRenderer.php
            [message] => broken link to \yii\apidoc\templates\html\Context in yii\apidoc\templates\html\GuideRenderer
        )

    [367] => Array
        (
            [line] => 28
            [file] => E:\Github\yii2\extensions\apidoc\templates\html\GuideRenderer.php
            [message] => No docblock for element '$pageTitle'
        )

    [368] => Array
        (
            [line] => 28
            [file] => E:\Github\yii2\extensions\apidoc\templates\html\GuideRenderer.php
            [message] => No short description for element '$pageTitle'
        )

    [369] => Array
        (
            [line] => 29
            [file] => E:\Github\yii2\extensions\apidoc\templates\html\GuideRenderer.php
            [message] => No docblock for element '$layout'
        )

    [370] => Array
        (
            [line] => 29
            [file] => E:\Github\yii2\extensions\apidoc\templates\html\GuideRenderer.php
            [message] => No short description for element '$layout'
        )

    [371] => Array
        (
            [line] => 38
            [file] => E:\Github\yii2\extensions\apidoc\templates\html\GuideRenderer.php
            [message] => No docblock for element 'init'
        )

    [372] => Array
        (
            [line] => 72
            [file] => E:\Github\yii2\extensions\apidoc\templates\html\GuideRenderer.php
            [message] => Undefined parameter documented: $controller in render().
        )

    [373] => Array
        (
            [line] => 115
            [file] => E:\Github\yii2\extensions\apidoc\templates\html\GuideRenderer.php
            [message] => No docblock for element 'generateGuideFileName'
        )

    [374] => Array
        (
            [line] => 120
            [file] => E:\Github\yii2\extensions\apidoc\templates\html\GuideRenderer.php
            [message] => No docblock for element 'getGuideReferences'
        )

    [375] => Array
        (
            [line] => 131
            [file] => E:\Github\yii2\extensions\apidoc\templates\html\GuideRenderer.php
            [message] => No docblock for element 'fixMarkdownLinks'
        )

    [376] => Array
        (
            [file] => E:\Github\yii2\extensions\apidoc\templates\online\ApiRenderer.php
            [message] => broken link to \yii\apidoc\templates\online\Context in yii\apidoc\templates\online\ApiRenderer
        )

    [377] => Array
        (
            [file] => E:\Github\yii2\extensions\apidoc\templates\online\ApiRenderer.php
            [message] => broken link to \yii\apidoc\templates\online\Context in yii\apidoc\templates\online\ApiRenderer
        )

    [378] => Array
        (
            [line] => 21
            [file] => E:\Github\yii2\extensions\apidoc\templates\online\ApiRenderer.php
            [message] => No docblock for element '$layout'
        )

    [379] => Array
        (
            [line] => 21
            [file] => E:\Github\yii2\extensions\apidoc\templates\online\ApiRenderer.php
            [message] => No short description for element '$layout'
        )

    [380] => Array
        (
            [line] => 22
            [file] => E:\Github\yii2\extensions\apidoc\templates\online\ApiRenderer.php
            [message] => No docblock for element '$indexView'
        )

    [381] => Array
        (
            [line] => 22
            [file] => E:\Github\yii2\extensions\apidoc\templates\online\ApiRenderer.php
            [message] => No short description for element '$indexView'
        )

    [382] => Array
        (
            [line] => 23
            [file] => E:\Github\yii2\extensions\apidoc\templates\online\ApiRenderer.php
            [message] => No docblock for element '$pageTitle'
        )

    [383] => Array
        (
            [line] => 23
            [file] => E:\Github\yii2\extensions\apidoc\templates\online\ApiRenderer.php
            [message] => No short description for element '$pageTitle'
        )

    [384] => Array
        (
            [line] => 57
            [file] => E:\Github\yii2\extensions\apidoc\templates\online\ApiRenderer.php
            [message] => No docblock for element 'generateApiUrl'
        )

    [385] => Array
        (
            [line] => 62
            [file] => E:\Github\yii2\extensions\apidoc\templates\online\ApiRenderer.php
            [message] => No docblock for element 'generateFileName'
        )

    [386] => Array
        (
            [file] => E:\Github\yii2\extensions\apidoc\templates\pdf\GuideRenderer.php
            [message] => broken link to \yii\apidoc\templates\pdf\Context in yii\apidoc\templates\pdf\GuideRenderer
        )

    [387] => Array
        (
            [file] => E:\Github\yii2\extensions\apidoc\templates\pdf\GuideRenderer.php
            [message] => broken link to \yii\apidoc\templates\pdf\Context in yii\apidoc\templates\pdf\GuideRenderer
        )

    [388] => Array
        (
            [line] => 53
            [file] => E:\Github\yii2\extensions\authclient\OAuthToken.php
            [message] => No docblock for element 'init'
        )

    [389] => Array
        (
            [line] => 20
            [file] => E:\Github\yii2\extensions\authclient\widgets\AuthChoiceAsset.php
            [message] => No docblock for element '$sourcePath'
        )

    [390] => Array
        (
            [line] => 20
            [file] => E:\Github\yii2\extensions\authclient\widgets\AuthChoiceAsset.php
            [message] => No short description for element '$sourcePath'
        )

    [391] => Array
        (
            [line] => 21
            [file] => E:\Github\yii2\extensions\authclient\widgets\AuthChoiceAsset.php
            [message] => No docblock for element '$js'
        )

    [392] => Array
        (
            [line] => 21
            [file] => E:\Github\yii2\extensions\authclient\widgets\AuthChoiceAsset.php
            [message] => No short description for element '$js'
        )

    [393] => Array
        (
            [line] => 24
            [file] => E:\Github\yii2\extensions\authclient\widgets\AuthChoiceAsset.php
            [message] => No docblock for element '$css'
        )

    [394] => Array
        (
            [line] => 24
            [file] => E:\Github\yii2\extensions\authclient\widgets\AuthChoiceAsset.php
            [message] => No short description for element '$css'
        )

    [395] => Array
        (
            [line] => 27
            [file] => E:\Github\yii2\extensions\authclient\widgets\AuthChoiceAsset.php
            [message] => No docblock for element '$depends'
        )

    [396] => Array
        (
            [line] => 27
            [file] => E:\Github\yii2\extensions\authclient\widgets\AuthChoiceAsset.php
            [message] => No short description for element '$depends'
        )

    [397] => Array
        (
            [file] => E:\Github\yii2\extensions\bootstrap\ActiveField.php
            [message] => broken link to \yii\bootstrap\Model::getAttributeLabel() in yii\bootstrap\ActiveField
        )

    [398] => Array
        (
            [file] => E:\Github\yii2\extensions\bootstrap\ActiveForm.php
            [message] => broken link to \yii\bootstrap\yii\bootstrap\ActiveField in yii\bootstrap\ActiveForm
        )

    [399] => Array
        (
            [file] => E:\Github\yii2\extensions\bootstrap\ActiveForm.php
            [message] => broken link to \yii\bootstrap\yii\bootstrap\ActiveField::horizontalCssClasses in yii\bootstrap\ActiveForm
        )

    [400] => Array
        (
            [file] => E:\Github\yii2\extensions\bootstrap\ActiveForm.php
            [message] => broken link to \yii\bootstrap\yii\bootstrap\ActiveField::template in yii\bootstrap\ActiveForm
        )

    [401] => Array
        (
            [line] => 20
            [file] => E:\Github\yii2\extensions\bootstrap\BootstrapAsset.php
            [message] => No docblock for element '$sourcePath'
        )

    [402] => Array
        (
            [line] => 20
            [file] => E:\Github\yii2\extensions\bootstrap\BootstrapAsset.php
            [message] => No short description for element '$sourcePath'
        )

    [403] => Array
        (
            [line] => 21
            [file] => E:\Github\yii2\extensions\bootstrap\BootstrapAsset.php
            [message] => No docblock for element '$css'
        )

    [404] => Array
        (
            [line] => 21
            [file] => E:\Github\yii2\extensions\bootstrap\BootstrapAsset.php
            [message] => No short description for element '$css'
        )

    [405] => Array
        (
            [line] => 20
            [file] => E:\Github\yii2\extensions\bootstrap\BootstrapPluginAsset.php
            [message] => No docblock for element '$sourcePath'
        )

    [406] => Array
        (
            [line] => 20
            [file] => E:\Github\yii2\extensions\bootstrap\BootstrapPluginAsset.php
            [message] => No short description for element '$sourcePath'
        )

    [407] => Array
        (
            [line] => 21
            [file] => E:\Github\yii2\extensions\bootstrap\BootstrapPluginAsset.php
            [message] => No docblock for element '$js'
        )

    [408] => Array
        (
            [line] => 21
            [file] => E:\Github\yii2\extensions\bootstrap\BootstrapPluginAsset.php
            [message] => No short description for element '$js'
        )

    [409] => Array
        (
            [line] => 24
            [file] => E:\Github\yii2\extensions\bootstrap\BootstrapPluginAsset.php
            [message] => No docblock for element '$depends'
        )

    [410] => Array
        (
            [line] => 24
            [file] => E:\Github\yii2\extensions\bootstrap\BootstrapPluginAsset.php
            [message] => No short description for element '$depends'
        )

    [411] => Array
        (
            [line] => 20
            [file] => E:\Github\yii2\extensions\bootstrap\BootstrapThemeAsset.php
            [message] => No docblock for element '$sourcePath'
        )

    [412] => Array
        (
            [line] => 20
            [file] => E:\Github\yii2\extensions\bootstrap\BootstrapThemeAsset.php
            [message] => No short description for element '$sourcePath'
        )

    [413] => Array
        (
            [line] => 21
            [file] => E:\Github\yii2\extensions\bootstrap\BootstrapThemeAsset.php
            [message] => No docblock for element '$css'
        )

    [414] => Array
        (
            [line] => 21
            [file] => E:\Github\yii2\extensions\bootstrap\BootstrapThemeAsset.php
            [message] => No short description for element '$css'
        )

    [415] => Array
        (
            [line] => 24
            [file] => E:\Github\yii2\extensions\bootstrap\BootstrapThemeAsset.php
            [message] => No docblock for element '$depends'
        )

    [416] => Array
        (
            [line] => 24
            [file] => E:\Github\yii2\extensions\bootstrap\BootstrapThemeAsset.php
            [message] => No short description for element '$depends'
        )

    [417] => Array
        (
            [line] => 68
            [file] => E:\Github\yii2\extensions\bootstrap\NavBar.php
            [message] => No short description for element '$brandUrl'
        )

    [418] => Array
        (
            [line] => 144
            [file] => E:\Github\yii2\extensions\bootstrap\Progress.php
            [message] => Undefined parameter documented: $label, in renderBar().
        )

    [419] => Array
        (
            [line] => 79
            [file] => E:\Github\yii2\extensions\codeception\TestCase.php
            [message] => Method setUp has no parent to inherit from in yii\codeception\TestCase.
        )

    [420] => Array
        (
            [line] => 90
            [file] => E:\Github\yii2\extensions\codeception\TestCase.php
            [message] => Method tearDown has no parent to inherit from in yii\codeception\TestCase.
        )

    [421] => Array
        (
            [line] => 29
            [file] => E:\Github\yii2\extensions\composer\Installer.php
            [message] => Method supports has no parent to inherit from in yii\composer\Installer.
        )

    [422] => Array
        (
            [line] => 37
            [file] => E:\Github\yii2\extensions\composer\Installer.php
            [message] => Method install has no parent to inherit from in yii\composer\Installer.
        )

    [423] => Array
        (
            [line] => 52
            [file] => E:\Github\yii2\extensions\composer\Installer.php
            [message] => Method update has no parent to inherit from in yii\composer\Installer.
        )

    [424] => Array
        (
            [line] => 66
            [file] => E:\Github\yii2\extensions\composer\Installer.php
            [message] => Method uninstall has no parent to inherit from in yii\composer\Installer.
        )

    [425] => Array
        (
            [line] => 78
            [file] => E:\Github\yii2\extensions\composer\Installer.php
            [message] => No docblock for element 'addPackage'
        )

    [426] => Array
        (
            [line] => 99
            [file] => E:\Github\yii2\extensions\composer\Installer.php
            [message] => No docblock for element 'generateDefaultAlias'
        )

    [427] => Array
        (
            [line] => 140
            [file] => E:\Github\yii2\extensions\composer\Installer.php
            [message] => No docblock for element 'removePackage'
        )

    [428] => Array
        (
            [line] => 147
            [file] => E:\Github\yii2\extensions\composer\Installer.php
            [message] => No docblock for element 'loadExtensions'
        )

    [429] => Array
        (
            [line] => 176
            [file] => E:\Github\yii2\extensions\composer\Installer.php
            [message] => No docblock for element 'saveExtensions'
        )

    [430] => Array
        (
            [line] => 187
            [file] => E:\Github\yii2\extensions\composer\Installer.php
            [message] => No docblock for element 'linkBaseYiiFiles'
        )

    [431] => Array
        (
            [line] => 211
            [file] => E:\Github\yii2\extensions\composer\Installer.php
            [message] => No docblock for element 'removeBaseYiiFiles'
        )

    [432] => Array
        (
            [line] => 224
            [file] => E:\Github\yii2\extensions\composer\Installer.php
            [message] => No docblock for element 'postCreateProject'
        )

    [433] => Array
        (
            [line] => 267
            [file] => E:\Github\yii2\extensions\composer\Installer.php
            [message] => No docblock for element 'generateRandomString'
        )

    [434] => Array
        (
            [line] => 25
            [file] => E:\Github\yii2\extensions\composer\Plugin.php
            [message] => Method activate has no parent to inherit from in yii\composer\Plugin.
        )

    [435] => Array
        (
            [line] => 20
            [file] => E:\Github\yii2\extensions\debug\DebugAsset.php
            [message] => No docblock for element '$sourcePath'
        )

    [436] => Array
        (
            [line] => 20
            [file] => E:\Github\yii2\extensions\debug\DebugAsset.php
            [message] => No short description for element '$sourcePath'
        )

    [437] => Array
        (
            [line] => 21
            [file] => E:\Github\yii2\extensions\debug\DebugAsset.php
            [message] => No docblock for element '$css'
        )

    [438] => Array
        (
            [line] => 21
            [file] => E:\Github\yii2\extensions\debug\DebugAsset.php
            [message] => No short description for element '$css'
        )

    [439] => Array
        (
            [line] => 25
            [file] => E:\Github\yii2\extensions\debug\DebugAsset.php
            [message] => No docblock for element '$depends'
        )

    [440] => Array
        (
            [line] => 25
            [file] => E:\Github\yii2\extensions\debug\DebugAsset.php
            [message] => No short description for element '$depends'
        )

    [441] => Array
        (
            [line] => 25
            [file] => E:\Github\yii2\extensions\debug\LogTarget.php
            [message] => No short description for element '$module'
        )

    [442] => Array
        (
            [line] => 26
            [file] => E:\Github\yii2\extensions\debug\LogTarget.php
            [message] => No docblock for element '$tag'
        )

    [443] => Array
        (
            [line] => 26
            [file] => E:\Github\yii2\extensions\debug\LogTarget.php
            [message] => No short description for element '$tag'
        )

    [444] => Array
        (
            [line] => 116
            [file] => E:\Github\yii2\extensions\debug\LogTarget.php
            [message] => No docblock for element 'gc'
        )

    [445] => Array
        (
            [line] => 40
            [file] => E:\Github\yii2\extensions\debug\Module.php
            [message] => No short description for element '$logTarget'
        )

    [446] => Array
        (
            [line] => 40
            [file] => E:\Github\yii2\extensions\debug\Panel.php
            [message] => No short description for element '$module'
        )

    [447] => Array
        (
            [line] => 30
            [file] => E:\Github\yii2\extensions\debug\controllers\DefaultController.php
            [message] => No short description for element '$module'
        )

    [448] => Array
        (
            [line] => 50
            [file] => E:\Github\yii2\extensions\debug\controllers\DefaultController.php
            [message] => No docblock for element 'actionIndex'
        )

    [449] => Array
        (
            [line] => 68
            [file] => E:\Github\yii2\extensions\debug\controllers\DefaultController.php
            [message] => No docblock for element 'actionView'
        )

    [450] => Array
        (
            [line] => 90
            [file] => E:\Github\yii2\extensions\debug\controllers\DefaultController.php
            [message] => No docblock for element 'actionToolbar'
        )

    [451] => Array
        (
            [line] => 101
            [file] => E:\Github\yii2\extensions\debug\controllers\DefaultController.php
            [message] => No docblock for element 'actionDownloadMail'
        )

    [452] => Array
        (
            [line] => 114
            [file] => E:\Github\yii2\extensions\debug\controllers\DefaultController.php
            [message] => No docblock for element 'getManifest'
        )

    [453] => Array
        (
            [line] => 131
            [file] => E:\Github\yii2\extensions\debug\controllers\DefaultController.php
            [message] => No docblock for element 'loadData'
        )

    [454] => Array
        (
            [file] => E:\Github\yii2\extensions\debug\models\search\Db.php
            [message] => broken link to \yii\debug\models\search\Validator in yii\debug\models\search\Db
        )

    [455] => Array
        (
            [file] => E:\Github\yii2\extensions\debug\models\search\Db.php
            [message] => broken link to \yii\debug\models\search\Validator::builtInValidators in yii\debug\models\search\Db
        )

    [456] => Array
        (
            [file] => E:\Github\yii2\extensions\debug\models\search\Debug.php
            [message] => broken link to \yii\debug\models\search\Validator in yii\debug\models\search\Debug
        )

    [457] => Array
        (
            [file] => E:\Github\yii2\extensions\debug\models\search\Debug.php
            [message] => broken link to \yii\debug\models\search\Validator::builtInValidators in yii\debug\models\search\Debug
        )

    [458] => Array
        (
            [file] => E:\Github\yii2\extensions\debug\models\search\Log.php
            [message] => broken link to \yii\debug\models\search\Validator in yii\debug\models\search\Log
        )

    [459] => Array
        (
            [file] => E:\Github\yii2\extensions\debug\models\search\Log.php
            [message] => broken link to \yii\debug\models\search\Validator::builtInValidators in yii\debug\models\search\Log
        )

    [460] => Array
        (
            [line] => 63
            [file] => E:\Github\yii2\extensions\debug\models\search\Mail.php
            [message] => No docblock for element 'rules'
        )

    [461] => Array
        (
            [file] => E:\Github\yii2\extensions\debug\models\search\Profile.php
            [message] => broken link to \yii\debug\models\search\Validator in yii\debug\models\search\Profile
        )

    [462] => Array
        (
            [file] => E:\Github\yii2\extensions\debug\models\search\Profile.php
            [message] => broken link to \yii\debug\models\search\Validator::builtInValidators in yii\debug\models\search\Profile
        )

    [463] => Array
        (
            [file] => E:\Github\yii2\extensions\elasticsearch\ActiveRecord.php
            [message] => broken link to \yii\elasticsearch\ActiveQueryInterface in yii\elasticsearch\ActiveRecord
        )

    [464] => Array
        (
            [file] => E:\Github\yii2\extensions\elasticsearch\ActiveRecord.php
            [message] => broken link to \yii\elasticsearch\ActiveQueryInterface in yii\elasticsearch\ActiveRecord
        )

    [465] => Array
        (
            [file] => E:\Github\yii2\extensions\elasticsearch\ActiveRecord.php
            [message] => broken link to \yii\elasticsearch\ActiveQueryInterface in yii\elasticsearch\ActiveRecord
        )

    [466] => Array
        (
            [file] => E:\Github\yii2\extensions\elasticsearch\ActiveRecord.php
            [message] => broken link to \yii\elasticsearch\ActiveQueryInterface in yii\elasticsearch\ActiveRecord
        )

    [467] => Array
        (
            [file] => E:\Github\yii2\extensions\elasticsearch\ActiveRecord.php
            [message] => broken link to \yii\elasticsearch\ActiveRecordInterface in yii\elasticsearch\ActiveRecord
        )

    [468] => Array
        (
            [file] => E:\Github\yii2\extensions\elasticsearch\ActiveRecord.php
            [message] => broken link to \yii\elasticsearch\ActiveRecordInterface in yii\elasticsearch\ActiveRecord
        )

    [469] => Array
        (
            [line] => 29
            [file] => E:\Github\yii2\extensions\elasticsearch\Command.php
            [message] => No short description for element '$db'
        )

    [470] => Array
        (
            [line] => 43
            [file] => E:\Github\yii2\extensions\elasticsearch\Command.php
            [message] => No docblock for element '$options'
        )

    [471] => Array
        (
            [line] => 43
            [file] => E:\Github\yii2\extensions\elasticsearch\Command.php
            [message] => No short description for element '$options'
        )

    [472] => Array
        (
            [file] => E:\Github\yii2\extensions\elasticsearch\Connection.php
            [message] => broken link to \yii\elasticsearch\dsn in yii\elasticsearch\Connection
        )

    [473] => Array
        (
            [file] => E:\Github\yii2\extensions\elasticsearch\Connection.php
            [message] => broken link to \yii\elasticsearch\dsn in yii\elasticsearch\Connection
        )

    [474] => Array
        (
            [line] => 50
            [file] => E:\Github\yii2\extensions\elasticsearch\Connection.php
            [message] => No docblock for element '$auth'
        )

    [475] => Array
        (
            [line] => 50
            [file] => E:\Github\yii2\extensions\elasticsearch\Connection.php
            [message] => No docblock for element '$auth'
        )

    [476] => Array
        (
            [line] => 50
            [file] => E:\Github\yii2\extensions\elasticsearch\Connection.php
            [message] => No short description for element '$auth'
        )

    [477] => Array
        (
            [line] => 50
            [file] => E:\Github\yii2\extensions\elasticsearch\Connection.php
            [message] => No short description for element '$auth'
        )

    [478] => Array
        (
            [line] => 65
            [file] => E:\Github\yii2\extensions\elasticsearch\Connection.php
            [message] => No docblock for element 'init'
        )

    [479] => Array
        (
            [line] => 65
            [file] => E:\Github\yii2\extensions\elasticsearch\Connection.php
            [message] => No docblock for element 'init'
        )

    [480] => Array
        (
            [line] => 454
            [file] => E:\Github\yii2\extensions\elasticsearch\Connection.php
            [message] => No docblock for element 'getNodeInfo'
        )

    [481] => Array
        (
            [line] => 454
            [file] => E:\Github\yii2\extensions\elasticsearch\Connection.php
            [message] => No docblock for element 'getNodeInfo'
        )

    [482] => Array
        (
            [line] => 459
            [file] => E:\Github\yii2\extensions\elasticsearch\Connection.php
            [message] => No docblock for element 'getClusterState'
        )

    [483] => Array
        (
            [line] => 459
            [file] => E:\Github\yii2\extensions\elasticsearch\Connection.php
            [message] => No docblock for element 'getClusterState'
        )

    [484] => Array
        (
            [line] => 32
            [file] => E:\Github\yii2\extensions\elasticsearch\DebugAction.php
            [message] => No short description for element '$panel'
        )

    [485] => Array
        (
            [line] => 36
            [file] => E:\Github\yii2\extensions\elasticsearch\DebugAction.php
            [message] => No short description for element '$controller'
        )

    [486] => Array
        (
            [line] => 39
            [file] => E:\Github\yii2\extensions\elasticsearch\DebugAction.php
            [message] => No docblock for element 'run'
        )

    [487] => Array
        (
            [line] => 25
            [file] => E:\Github\yii2\extensions\elasticsearch\DebugPanel.php
            [message] => No docblock for element '$db'
        )

    [488] => Array
        (
            [line] => 25
            [file] => E:\Github\yii2\extensions\elasticsearch\DebugPanel.php
            [message] => No short description for element '$db'
        )

    [489] => Array
        (
            [line] => 28
            [file] => E:\Github\yii2\extensions\elasticsearch\DebugPanel.php
            [message] => No docblock for element 'init'
        )

    [490] => Array
        (
            [line] => 155
            [file] => E:\Github\yii2\extensions\elasticsearch\DebugPanel.php
            [message] => No docblock for element 'calculateTimings'
        )

    [491] => Array
        (
            [line] => 185
            [file] => E:\Github\yii2\extensions\elasticsearch\DebugPanel.php
            [message] => No docblock for element 'save'
        )

    [492] => Array
        (
            [line] => 340
            [file] => E:\Github\yii2\extensions\elasticsearch\QueryBuilder.php
            [message] => No docblock for element 'buildCompositeInCondition'
        )

    [493] => Array
        (
            [line] => 180
            [file] => E:\Github\yii2\extensions\faker\FixtureController.php
            [message] => No docblock for element 'beforeAction'
        )

    [494] => Array
        (
            [file] => E:\Github\yii2\extensions\gii\Generator.php
            [message] => broken link to \yii\gii\Validator in yii\gii\Generator
        )

    [495] => Array
        (
            [file] => E:\Github\yii2\extensions\gii\Generator.php
            [message] => broken link to \yii\gii\Validator::builtInValidators in yii\gii\Generator
        )

    [496] => Array
        (
            [line] => 20
            [file] => E:\Github\yii2\extensions\gii\GiiAsset.php
            [message] => No docblock for element '$sourcePath'
        )

    [497] => Array
        (
            [line] => 20
            [file] => E:\Github\yii2\extensions\gii\GiiAsset.php
            [message] => No short description for element '$sourcePath'
        )

    [498] => Array
        (
            [line] => 21
            [file] => E:\Github\yii2\extensions\gii\GiiAsset.php
            [message] => No docblock for element '$css'
        )

    [499] => Array
        (
            [line] => 21
            [file] => E:\Github\yii2\extensions\gii\GiiAsset.php
            [message] => No short description for element '$css'
        )

    [500] => Array
        (
            [line] => 24
            [file] => E:\Github\yii2\extensions\gii\GiiAsset.php
            [message] => No docblock for element '$js'
        )

    [501] => Array
        (
            [line] => 24
            [file] => E:\Github\yii2\extensions\gii\GiiAsset.php
            [message] => No short description for element '$js'
        )

    [502] => Array
        (
            [line] => 27
            [file] => E:\Github\yii2\extensions\gii\GiiAsset.php
            [message] => No docblock for element '$depends'
        )

    [503] => Array
        (
            [line] => 27
            [file] => E:\Github\yii2\extensions\gii\GiiAsset.php
            [message] => No short description for element '$depends'
        )

    [504] => Array
        (
            [line] => 19
            [file] => E:\Github\yii2\extensions\gii\TypeAheadAsset.php
            [message] => No docblock for element '$sourcePath'
        )

    [505] => Array
        (
            [line] => 19
            [file] => E:\Github\yii2\extensions\gii\TypeAheadAsset.php
            [message] => No short description for element '$sourcePath'
        )

    [506] => Array
        (
            [line] => 20
            [file] => E:\Github\yii2\extensions\gii\TypeAheadAsset.php
            [message] => No docblock for element '$js'
        )

    [507] => Array
        (
            [line] => 20
            [file] => E:\Github\yii2\extensions\gii\TypeAheadAsset.php
            [message] => No short description for element '$js'
        )

    [508] => Array
        (
            [line] => 23
            [file] => E:\Github\yii2\extensions\gii\TypeAheadAsset.php
            [message] => No docblock for element '$depends'
        )

    [509] => Array
        (
            [line] => 23
            [file] => E:\Github\yii2\extensions\gii\TypeAheadAsset.php
            [message] => No short description for element '$depends'
        )

    [510] => Array
        (
            [line] => 22
            [file] => E:\Github\yii2\extensions\gii\components\ActiveField.php
            [message] => No short description for element '$model'
        )

    [511] => Array
        (
            [line] => 21
            [file] => E:\Github\yii2\extensions\gii\console\GenerateAction.php
            [message] => No short description for element '$generator'
        )

    [512] => Array
        (
            [line] => 25
            [file] => E:\Github\yii2\extensions\gii\console\GenerateAction.php
            [message] => No short description for element '$controller'
        )

    [513] => Array
        (
            [line] => 30
            [file] => E:\Github\yii2\extensions\gii\console\GenerateAction.php
            [message] => Method run has no parent to inherit from in yii\gii\console\GenerateAction.
        )

    [514] => Array
        (
            [line] => 41
            [file] => E:\Github\yii2\extensions\gii\console\GenerateAction.php
            [message] => No docblock for element 'displayValidationErrors'
        )

    [515] => Array
        (
            [line] => 50
            [file] => E:\Github\yii2\extensions\gii\console\GenerateAction.php
            [message] => No docblock for element 'generateCode'
        )

    [516] => Array
        (
            [line] => 33
            [file] => E:\Github\yii2\extensions\gii\console\GenerateController.php
            [message] => No short description for element '$module'
        )

    [517] => Array
        (
            [line] => 104
            [file] => E:\Github\yii2\extensions\gii\console\GenerateController.php
            [message] => No docblock for element 'actionIndex'
        )

    [518] => Array
        (
            [line] => 112
            [file] => E:\Github\yii2\extensions\gii\console\GenerateController.php
            [message] => Method getUniqueID has no parent to inherit from in yii\gii\console\GenerateController.
        )

    [519] => Array
        (
            [line] => 120
            [file] => E:\Github\yii2\extensions\gii\console\GenerateController.php
            [message] => Method param $id does not exist in parent method, @inheritdoc not possible in options in yii\gii\console\GenerateController.
        )

    [520] => Array
        (
            [line] => 196
            [file] => E:\Github\yii2\extensions\gii\console\GenerateController.php
            [message] => No docblock for element 'formatHint'
        )

    [521] => Array
        (
            [line] => 20
            [file] => E:\Github\yii2\extensions\gii\controllers\DefaultController.php
            [message] => No docblock for element '$layout'
        )

    [522] => Array
        (
            [line] => 20
            [file] => E:\Github\yii2\extensions\gii\controllers\DefaultController.php
            [message] => No short description for element '$layout'
        )

    [523] => Array
        (
            [line] => 24
            [file] => E:\Github\yii2\extensions\gii\controllers\DefaultController.php
            [message] => No short description for element '$module'
        )

    [524] => Array
        (
            [line] => 28
            [file] => E:\Github\yii2\extensions\gii\controllers\DefaultController.php
            [message] => No short description for element '$generator'
        )

    [525] => Array
        (
            [line] => 31
            [file] => E:\Github\yii2\extensions\gii\controllers\DefaultController.php
            [message] => No docblock for element 'actionIndex'
        )

    [526] => Array
        (
            [line] => 38
            [file] => E:\Github\yii2\extensions\gii\controllers\DefaultController.php
            [message] => No docblock for element 'actionView'
        )

    [527] => Array
        (
            [line] => 59
            [file] => E:\Github\yii2\extensions\gii\controllers\DefaultController.php
            [message] => No docblock for element 'actionPreview'
        )

    [528] => Array
        (
            [line] => 77
            [file] => E:\Github\yii2\extensions\gii\controllers\DefaultController.php
            [message] => No docblock for element 'actionDiff'
        )

    [529] => Array
        (
            [file] => E:\Github\yii2\extensions\gii\generators\controller\Generator.php
            [message] => broken link to \yii\gii\generators\controller\Validator in yii\gii\generators\controller\Generator
        )

    [530] => Array
        (
            [file] => E:\Github\yii2\extensions\gii\generators\controller\Generator.php
            [message] => broken link to \yii\gii\generators\controller\Validator::builtInValidators in yii\gii\generators\controller\Generator
        )

    [531] => Array
        (
            [file] => E:\Github\yii2\extensions\gii\generators\crud\Generator.php
            [message] => broken link to \yii\gii\generators\crud\Validator in yii\gii\generators\crud\Generator
        )

    [532] => Array
        (
            [file] => E:\Github\yii2\extensions\gii\generators\crud\Generator.php
            [message] => broken link to \yii\gii\generators\crud\Validator::builtInValidators in yii\gii\generators\crud\Generator
        )

    [533] => Array
        (
            [line] => 34
            [file] => E:\Github\yii2\extensions\gii\generators\crud\Generator.php
            [message] => No docblock for element '$modelClass'
        )

    [534] => Array
        (
            [line] => 34
            [file] => E:\Github\yii2\extensions\gii\generators\crud\Generator.php
            [message] => No docblock for element '$modelClass'
        )

    [535] => Array
        (
            [line] => 34
            [file] => E:\Github\yii2\extensions\gii\generators\crud\Generator.php
            [message] => No short description for element '$modelClass'
        )

    [536] => Array
        (
            [line] => 34
            [file] => E:\Github\yii2\extensions\gii\generators\crud\Generator.php
            [message] => No short description for element '$modelClass'
        )

    [537] => Array
        (
            [line] => 35
            [file] => E:\Github\yii2\extensions\gii\generators\crud\Generator.php
            [message] => No docblock for element '$moduleID'
        )

    [538] => Array
        (
            [line] => 35
            [file] => E:\Github\yii2\extensions\gii\generators\crud\Generator.php
            [message] => No docblock for element '$moduleID'
        )

    [539] => Array
        (
            [line] => 35
            [file] => E:\Github\yii2\extensions\gii\generators\crud\Generator.php
            [message] => No short description for element '$moduleID'
        )

    [540] => Array
        (
            [line] => 35
            [file] => E:\Github\yii2\extensions\gii\generators\crud\Generator.php
            [message] => No short description for element '$moduleID'
        )

    [541] => Array
        (
            [line] => 36
            [file] => E:\Github\yii2\extensions\gii\generators\crud\Generator.php
            [message] => No docblock for element '$controllerClass'
        )

    [542] => Array
        (
            [line] => 36
            [file] => E:\Github\yii2\extensions\gii\generators\crud\Generator.php
            [message] => No docblock for element '$controllerClass'
        )

    [543] => Array
        (
            [line] => 36
            [file] => E:\Github\yii2\extensions\gii\generators\crud\Generator.php
            [message] => No short description for element '$controllerClass'
        )

    [544] => Array
        (
            [line] => 36
            [file] => E:\Github\yii2\extensions\gii\generators\crud\Generator.php
            [message] => No short description for element '$controllerClass'
        )

    [545] => Array
        (
            [line] => 37
            [file] => E:\Github\yii2\extensions\gii\generators\crud\Generator.php
            [message] => No docblock for element '$baseControllerClass'
        )

    [546] => Array
        (
            [line] => 37
            [file] => E:\Github\yii2\extensions\gii\generators\crud\Generator.php
            [message] => No docblock for element '$baseControllerClass'
        )

    [547] => Array
        (
            [line] => 37
            [file] => E:\Github\yii2\extensions\gii\generators\crud\Generator.php
            [message] => No short description for element '$baseControllerClass'
        )

    [548] => Array
        (
            [line] => 37
            [file] => E:\Github\yii2\extensions\gii\generators\crud\Generator.php
            [message] => No short description for element '$baseControllerClass'
        )

    [549] => Array
        (
            [line] => 38
            [file] => E:\Github\yii2\extensions\gii\generators\crud\Generator.php
            [message] => No docblock for element '$indexWidgetType'
        )

    [550] => Array
        (
            [line] => 38
            [file] => E:\Github\yii2\extensions\gii\generators\crud\Generator.php
            [message] => No docblock for element '$indexWidgetType'
        )

    [551] => Array
        (
            [line] => 38
            [file] => E:\Github\yii2\extensions\gii\generators\crud\Generator.php
            [message] => No short description for element '$indexWidgetType'
        )

    [552] => Array
        (
            [line] => 38
            [file] => E:\Github\yii2\extensions\gii\generators\crud\Generator.php
            [message] => No short description for element '$indexWidgetType'
        )

    [553] => Array
        (
            [line] => 39
            [file] => E:\Github\yii2\extensions\gii\generators\crud\Generator.php
            [message] => No docblock for element '$searchModelClass'
        )

    [554] => Array
        (
            [line] => 39
            [file] => E:\Github\yii2\extensions\gii\generators\crud\Generator.php
            [message] => No docblock for element '$searchModelClass'
        )

    [555] => Array
        (
            [line] => 39
            [file] => E:\Github\yii2\extensions\gii\generators\crud\Generator.php
            [message] => No short description for element '$searchModelClass'
        )

    [556] => Array
        (
            [line] => 39
            [file] => E:\Github\yii2\extensions\gii\generators\crud\Generator.php
            [message] => No short description for element '$searchModelClass'
        )

    [557] => Array
        (
            [line] => 212
            [file] => E:\Github\yii2\extensions\gii\generators\crud\Generator.php
            [message] => No docblock for element 'getNameAttribute'
        )

    [558] => Array
        (
            [line] => 213
            [file] => E:\Github\yii2\extensions\gii\generators\crud\Generator.php
            [message] => No docblock for element 'getNameAttribute'
        )

    [559] => Array
        (
            [file] => E:\Github\yii2\extensions\gii\generators\extension\Generator.php
            [message] => broken link to \yii\gii\generators\extension\Validator in yii\gii\generators\extension\Generator
        )

    [560] => Array
        (
            [file] => E:\Github\yii2\extensions\gii\generators\extension\Generator.php
            [message] => broken link to \yii\gii\generators\extension\Validator::builtInValidators in yii\gii\generators\extension\Generator
        )

    [561] => Array
        (
            [line] => 25
            [file] => E:\Github\yii2\extensions\gii\generators\extension\Generator.php
            [message] => No docblock for element '$vendorName'
        )

    [562] => Array
        (
            [line] => 25
            [file] => E:\Github\yii2\extensions\gii\generators\extension\Generator.php
            [message] => No short description for element '$vendorName'
        )

    [563] => Array
        (
            [line] => 26
            [file] => E:\Github\yii2\extensions\gii\generators\extension\Generator.php
            [message] => No docblock for element '$packageName'
        )

    [564] => Array
        (
            [line] => 26
            [file] => E:\Github\yii2\extensions\gii\generators\extension\Generator.php
            [message] => No short description for element '$packageName'
        )

    [565] => Array
        (
            [line] => 27
            [file] => E:\Github\yii2\extensions\gii\generators\extension\Generator.php
            [message] => No docblock for element '$namespace'
        )

    [566] => Array
        (
            [line] => 27
            [file] => E:\Github\yii2\extensions\gii\generators\extension\Generator.php
            [message] => No short description for element '$namespace'
        )

    [567] => Array
        (
            [line] => 28
            [file] => E:\Github\yii2\extensions\gii\generators\extension\Generator.php
            [message] => No docblock for element '$type'
        )

    [568] => Array
        (
            [line] => 28
            [file] => E:\Github\yii2\extensions\gii\generators\extension\Generator.php
            [message] => No short description for element '$type'
        )

    [569] => Array
        (
            [line] => 29
            [file] => E:\Github\yii2\extensions\gii\generators\extension\Generator.php
            [message] => No docblock for element '$keywords'
        )

    [570] => Array
        (
            [line] => 29
            [file] => E:\Github\yii2\extensions\gii\generators\extension\Generator.php
            [message] => No short description for element '$keywords'
        )

    [571] => Array
        (
            [line] => 30
            [file] => E:\Github\yii2\extensions\gii\generators\extension\Generator.php
            [message] => No docblock for element '$title'
        )

    [572] => Array
        (
            [line] => 30
            [file] => E:\Github\yii2\extensions\gii\generators\extension\Generator.php
            [message] => No short description for element '$title'
        )

    [573] => Array
        (
            [line] => 31
            [file] => E:\Github\yii2\extensions\gii\generators\extension\Generator.php
            [message] => No docblock for element '$description'
        )

    [574] => Array
        (
            [line] => 31
            [file] => E:\Github\yii2\extensions\gii\generators\extension\Generator.php
            [message] => No short description for element '$description'
        )

    [575] => Array
        (
            [line] => 31
            [file] => E:\Github\yii2\extensions\gii\generators\extension\Generator.php
            [message] => Property $description conflicts with a defined getter getDescription in yii\gii\generators\extension\Generator.
        )

    [576] => Array
        (
            [line] => 32
            [file] => E:\Github\yii2\extensions\gii\generators\extension\Generator.php
            [message] => No docblock for element '$outputPath'
        )

    [577] => Array
        (
            [line] => 32
            [file] => E:\Github\yii2\extensions\gii\generators\extension\Generator.php
            [message] => No short description for element '$outputPath'
        )

    [578] => Array
        (
            [line] => 32
            [file] => E:\Github\yii2\extensions\gii\generators\extension\Generator.php
            [message] => Property $outputPath conflicts with a defined getter getOutputPath in yii\gii\generators\extension\Generator.
        )

    [579] => Array
        (
            [line] => 33
            [file] => E:\Github\yii2\extensions\gii\generators\extension\Generator.php
            [message] => No docblock for element '$license'
        )

    [580] => Array
        (
            [line] => 33
            [file] => E:\Github\yii2\extensions\gii\generators\extension\Generator.php
            [message] => No short description for element '$license'
        )

    [581] => Array
        (
            [line] => 34
            [file] => E:\Github\yii2\extensions\gii\generators\extension\Generator.php
            [message] => No docblock for element '$authorName'
        )

    [582] => Array
        (
            [line] => 34
            [file] => E:\Github\yii2\extensions\gii\generators\extension\Generator.php
            [message] => No short description for element '$authorName'
        )

    [583] => Array
        (
            [line] => 35
            [file] => E:\Github\yii2\extensions\gii\generators\extension\Generator.php
            [message] => No docblock for element '$authorEmail'
        )

    [584] => Array
        (
            [line] => 35
            [file] => E:\Github\yii2\extensions\gii\generators\extension\Generator.php
            [message] => No short description for element '$authorEmail'
        )

    [585] => Array
        (
            [file] => E:\Github\yii2\extensions\gii\generators\form\Generator.php
            [message] => broken link to \yii\gii\generators\form\Validator in yii\gii\generators\form\Generator
        )

    [586] => Array
        (
            [file] => E:\Github\yii2\extensions\gii\generators\form\Generator.php
            [message] => broken link to \yii\gii\generators\form\Validator::builtInValidators in yii\gii\generators\form\Generator
        )

    [587] => Array
        (
            [line] => 24
            [file] => E:\Github\yii2\extensions\gii\generators\form\Generator.php
            [message] => No docblock for element '$modelClass'
        )

    [588] => Array
        (
            [line] => 24
            [file] => E:\Github\yii2\extensions\gii\generators\form\Generator.php
            [message] => No short description for element '$modelClass'
        )

    [589] => Array
        (
            [line] => 25
            [file] => E:\Github\yii2\extensions\gii\generators\form\Generator.php
            [message] => No docblock for element '$viewPath'
        )

    [590] => Array
        (
            [line] => 25
            [file] => E:\Github\yii2\extensions\gii\generators\form\Generator.php
            [message] => No short description for element '$viewPath'
        )

    [591] => Array
        (
            [line] => 26
            [file] => E:\Github\yii2\extensions\gii\generators\form\Generator.php
            [message] => No docblock for element '$viewName'
        )

    [592] => Array
        (
            [line] => 26
            [file] => E:\Github\yii2\extensions\gii\generators\form\Generator.php
            [message] => No short description for element '$viewName'
        )

    [593] => Array
        (
            [line] => 27
            [file] => E:\Github\yii2\extensions\gii\generators\form\Generator.php
            [message] => No docblock for element '$scenarioName'
        )

    [594] => Array
        (
            [line] => 27
            [file] => E:\Github\yii2\extensions\gii\generators\form\Generator.php
            [message] => No short description for element '$scenarioName'
        )

    [595] => Array
        (
            [file] => E:\Github\yii2\extensions\gii\generators\model\Generator.php
            [message] => broken link to \yii\gii\generators\model\Validator in yii\gii\generators\model\Generator
        )

    [596] => Array
        (
            [file] => E:\Github\yii2\extensions\gii\generators\model\Generator.php
            [message] => broken link to \yii\gii\generators\model\Validator::builtInValidators in yii\gii\generators\model\Generator
        )

    [597] => Array
        (
            [line] => 26
            [file] => E:\Github\yii2\extensions\gii\generators\model\Generator.php
            [message] => No docblock for element '$db'
        )

    [598] => Array
        (
            [line] => 26
            [file] => E:\Github\yii2\extensions\gii\generators\model\Generator.php
            [message] => No docblock for element '$db'
        )

    [599] => Array
        (
            [line] => 26
            [file] => E:\Github\yii2\extensions\gii\generators\model\Generator.php
            [message] => No short description for element '$db'
        )

    [600] => Array
        (
            [line] => 26
            [file] => E:\Github\yii2\extensions\gii\generators\model\Generator.php
            [message] => No short description for element '$db'
        )

    [601] => Array
        (
            [line] => 27
            [file] => E:\Github\yii2\extensions\gii\generators\model\Generator.php
            [message] => No docblock for element '$ns'
        )

    [602] => Array
        (
            [line] => 27
            [file] => E:\Github\yii2\extensions\gii\generators\model\Generator.php
            [message] => No docblock for element '$ns'
        )

    [603] => Array
        (
            [line] => 27
            [file] => E:\Github\yii2\extensions\gii\generators\model\Generator.php
            [message] => No short description for element '$ns'
        )

    [604] => Array
        (
            [line] => 27
            [file] => E:\Github\yii2\extensions\gii\generators\model\Generator.php
            [message] => No short description for element '$ns'
        )

    [605] => Array
        (
            [line] => 28
            [file] => E:\Github\yii2\extensions\gii\generators\model\Generator.php
            [message] => No docblock for element '$tableName'
        )

    [606] => Array
        (
            [line] => 28
            [file] => E:\Github\yii2\extensions\gii\generators\model\Generator.php
            [message] => No docblock for element '$tableName'
        )

    [607] => Array
        (
            [line] => 28
            [file] => E:\Github\yii2\extensions\gii\generators\model\Generator.php
            [message] => No short description for element '$tableName'
        )

    [608] => Array
        (
            [line] => 28
            [file] => E:\Github\yii2\extensions\gii\generators\model\Generator.php
            [message] => No short description for element '$tableName'
        )

    [609] => Array
        (
            [line] => 29
            [file] => E:\Github\yii2\extensions\gii\generators\model\Generator.php
            [message] => No docblock for element '$modelClass'
        )

    [610] => Array
        (
            [line] => 29
            [file] => E:\Github\yii2\extensions\gii\generators\model\Generator.php
            [message] => No docblock for element '$modelClass'
        )

    [611] => Array
        (
            [line] => 29
            [file] => E:\Github\yii2\extensions\gii\generators\model\Generator.php
            [message] => No short description for element '$modelClass'
        )

    [612] => Array
        (
            [line] => 29
            [file] => E:\Github\yii2\extensions\gii\generators\model\Generator.php
            [message] => No short description for element '$modelClass'
        )

    [613] => Array
        (
            [line] => 30
            [file] => E:\Github\yii2\extensions\gii\generators\model\Generator.php
            [message] => No docblock for element '$baseClass'
        )

    [614] => Array
        (
            [line] => 30
            [file] => E:\Github\yii2\extensions\gii\generators\model\Generator.php
            [message] => No docblock for element '$baseClass'
        )

    [615] => Array
        (
            [line] => 30
            [file] => E:\Github\yii2\extensions\gii\generators\model\Generator.php
            [message] => No short description for element '$baseClass'
        )

    [616] => Array
        (
            [line] => 30
            [file] => E:\Github\yii2\extensions\gii\generators\model\Generator.php
            [message] => No short description for element '$baseClass'
        )

    [617] => Array
        (
            [line] => 31
            [file] => E:\Github\yii2\extensions\gii\generators\model\Generator.php
            [message] => No docblock for element '$generateRelations'
        )

    [618] => Array
        (
            [line] => 31
            [file] => E:\Github\yii2\extensions\gii\generators\model\Generator.php
            [message] => No docblock for element '$generateRelations'
        )

    [619] => Array
        (
            [line] => 31
            [file] => E:\Github\yii2\extensions\gii\generators\model\Generator.php
            [message] => No short description for element '$generateRelations'
        )

    [620] => Array
        (
            [line] => 31
            [file] => E:\Github\yii2\extensions\gii\generators\model\Generator.php
            [message] => No short description for element '$generateRelations'
        )

    [621] => Array
        (
            [line] => 32
            [file] => E:\Github\yii2\extensions\gii\generators\model\Generator.php
            [message] => No docblock for element '$generateLabelsFromComments'
        )

    [622] => Array
        (
            [line] => 32
            [file] => E:\Github\yii2\extensions\gii\generators\model\Generator.php
            [message] => No docblock for element '$generateLabelsFromComments'
        )

    [623] => Array
        (
            [line] => 32
            [file] => E:\Github\yii2\extensions\gii\generators\model\Generator.php
            [message] => No short description for element '$generateLabelsFromComments'
        )

    [624] => Array
        (
            [line] => 32
            [file] => E:\Github\yii2\extensions\gii\generators\model\Generator.php
            [message] => No short description for element '$generateLabelsFromComments'
        )

    [625] => Array
        (
            [line] => 33
            [file] => E:\Github\yii2\extensions\gii\generators\model\Generator.php
            [message] => No docblock for element '$useTablePrefix'
        )

    [626] => Array
        (
            [line] => 33
            [file] => E:\Github\yii2\extensions\gii\generators\model\Generator.php
            [message] => No docblock for element '$useTablePrefix'
        )

    [627] => Array
        (
            [line] => 33
            [file] => E:\Github\yii2\extensions\gii\generators\model\Generator.php
            [message] => No short description for element '$useTablePrefix'
        )

    [628] => Array
        (
            [line] => 33
            [file] => E:\Github\yii2\extensions\gii\generators\model\Generator.php
            [message] => No short description for element '$useTablePrefix'
        )

    [629] => Array
        (
            [line] => 398
            [file] => E:\Github\yii2\extensions\gii\generators\model\Generator.php
            [message] => Undefined parameter documented:  in checkPivotTable().
        )

    [630] => Array
        (
            [line] => 398
            [file] => E:\Github\yii2\extensions\gii\generators\model\Generator.php
            [message] => Undefined parameter documented:  in checkPivotTable().
        )

    [631] => Array
        (
            [line] => 511
            [file] => E:\Github\yii2\extensions\gii\generators\model\Generator.php
            [message] => No docblock for element '$tableNames'
        )

    [632] => Array
        (
            [line] => 511
            [file] => E:\Github\yii2\extensions\gii\generators\model\Generator.php
            [message] => No docblock for element '$tableNames'
        )

    [633] => Array
        (
            [line] => 511
            [file] => E:\Github\yii2\extensions\gii\generators\model\Generator.php
            [message] => No short description for element '$tableNames'
        )

    [634] => Array
        (
            [line] => 511
            [file] => E:\Github\yii2\extensions\gii\generators\model\Generator.php
            [message] => No short description for element '$tableNames'
        )

    [635] => Array
        (
            [line] => 512
            [file] => E:\Github\yii2\extensions\gii\generators\model\Generator.php
            [message] => No docblock for element '$classNames'
        )

    [636] => Array
        (
            [line] => 512
            [file] => E:\Github\yii2\extensions\gii\generators\model\Generator.php
            [message] => No docblock for element '$classNames'
        )

    [637] => Array
        (
            [line] => 512
            [file] => E:\Github\yii2\extensions\gii\generators\model\Generator.php
            [message] => No short description for element '$classNames'
        )

    [638] => Array
        (
            [line] => 512
            [file] => E:\Github\yii2\extensions\gii\generators\model\Generator.php
            [message] => No short description for element '$classNames'
        )

    [639] => Array
        (
            [file] => E:\Github\yii2\extensions\gii\generators\module\Generator.php
            [message] => broken link to \yii\gii\generators\module\Validator in yii\gii\generators\module\Generator
        )

    [640] => Array
        (
            [file] => E:\Github\yii2\extensions\gii\generators\module\Generator.php
            [message] => broken link to \yii\gii\generators\module\Validator::builtInValidators in yii\gii\generators\module\Generator
        )

    [641] => Array
        (
            [line] => 26
            [file] => E:\Github\yii2\extensions\gii\generators\module\Generator.php
            [message] => No docblock for element '$moduleClass'
        )

    [642] => Array
        (
            [line] => 26
            [file] => E:\Github\yii2\extensions\gii\generators\module\Generator.php
            [message] => No short description for element '$moduleClass'
        )

    [643] => Array
        (
            [line] => 27
            [file] => E:\Github\yii2\extensions\gii\generators\module\Generator.php
            [message] => No docblock for element '$moduleID'
        )

    [644] => Array
        (
            [line] => 27
            [file] => E:\Github\yii2\extensions\gii\generators\module\Generator.php
            [message] => No short description for element '$moduleID'
        )

    [645] => Array
        (
            [file] => E:\Github\yii2\extensions\jui\DatePicker.php
            [message] => broken link to \yii\jui\yii\base\Model in yii\jui\DatePicker
        )

    [646] => Array
        (
            [line] => 18
            [file] => E:\Github\yii2\extensions\jui\DatePickerLanguageAsset.php
            [message] => No docblock for element '$sourcePath'
        )

    [647] => Array
        (
            [line] => 18
            [file] => E:\Github\yii2\extensions\jui\DatePickerLanguageAsset.php
            [message] => No short description for element '$sourcePath'
        )

    [648] => Array
        (
            [line] => 18
            [file] => E:\Github\yii2\extensions\jui\JuiAsset.php
            [message] => No docblock for element '$sourcePath'
        )

    [649] => Array
        (
            [line] => 18
            [file] => E:\Github\yii2\extensions\jui\JuiAsset.php
            [message] => No short description for element '$sourcePath'
        )

    [650] => Array
        (
            [line] => 19
            [file] => E:\Github\yii2\extensions\jui\JuiAsset.php
            [message] => No docblock for element '$js'
        )

    [651] => Array
        (
            [line] => 19
            [file] => E:\Github\yii2\extensions\jui\JuiAsset.php
            [message] => No short description for element '$js'
        )

    [652] => Array
        (
            [line] => 22
            [file] => E:\Github\yii2\extensions\jui\JuiAsset.php
            [message] => No docblock for element '$css'
        )

    [653] => Array
        (
            [line] => 22
            [file] => E:\Github\yii2\extensions\jui\JuiAsset.php
            [message] => No short description for element '$css'
        )

    [654] => Array
        (
            [line] => 25
            [file] => E:\Github\yii2\extensions\jui\JuiAsset.php
            [message] => No docblock for element '$depends'
        )

    [655] => Array
        (
            [line] => 25
            [file] => E:\Github\yii2\extensions\jui\JuiAsset.php
            [message] => No short description for element '$depends'
        )

    [656] => Array
        (
            [line] => 32
            [file] => E:\Github\yii2\extensions\jui\Slider.php
            [message] => No short description for element '$clientEventMap'
        )

    [657] => Array
        (
            [line] => 55
            [file] => E:\Github\yii2\extensions\jui\SliderInput.php
            [message] => No short description for element '$clientEventMap'
        )

    [658] => Array
        (
            [line] => 75
            [file] => E:\Github\yii2\extensions\jui\Sortable.php
            [message] => No short description for element '$clientEventMap'
        )

    [659] => Array
        (
            [line] => 43
            [file] => E:\Github\yii2\extensions\jui\Spinner.php
            [message] => No short description for element '$clientEventMap'
        )

    [660] => Array
        (
            [file] => E:\Github\yii2\extensions\mongodb\ActiveFixture.php
            [message] => broken link to \yii\mongodb\loadData() in yii\mongodb\ActiveFixture
        )

    [661] => Array
        (
            [line] => 70
            [file] => E:\Github\yii2\extensions\mongodb\ActiveFixture.php
            [message] => No docblock for element 'getCollection'
        )

    [662] => Array
        (
            [line] => 75
            [file] => E:\Github\yii2\extensions\mongodb\ActiveFixture.php
            [message] => No docblock for element 'getCollectionName'
        )

    [663] => Array
        (
            [file] => E:\Github\yii2\extensions\mongodb\ActiveRecord.php
            [message] => broken link to \yii\mongodb\ActiveQueryInterface in yii\mongodb\ActiveRecord
        )

    [664] => Array
        (
            [file] => E:\Github\yii2\extensions\mongodb\ActiveRecord.php
            [message] => broken link to \yii\mongodb\ActiveQueryInterface in yii\mongodb\ActiveRecord
        )

    [665] => Array
        (
            [file] => E:\Github\yii2\extensions\mongodb\ActiveRecord.php
            [message] => broken link to \yii\mongodb\ActiveQueryInterface in yii\mongodb\ActiveRecord
        )

    [666] => Array
        (
            [file] => E:\Github\yii2\extensions\mongodb\ActiveRecord.php
            [message] => broken link to \yii\mongodb\ActiveQueryInterface in yii\mongodb\ActiveRecord
        )

    [667] => Array
        (
            [file] => E:\Github\yii2\extensions\mongodb\Collection.php
            [message] => broken link to \yii\mongodb\MongoId in yii\mongodb\Collection
        )

    [668] => Array
        (
            [file] => E:\Github\yii2\extensions\mongodb\Collection.php
            [message] => broken link to \yii\mongodb\MongoId in yii\mongodb\Collection
        )

    [669] => Array
        (
            [file] => E:\Github\yii2\extensions\mongodb\Collection.php
            [message] => broken link to \yii\mongodb\MongoId in yii\mongodb\Collection
        )

    [670] => Array
        (
            [line] => 91
            [file] => E:\Github\yii2\extensions\mongodb\Query.php
            [message] => Undefined parameter documented:  in from().
        )

    [671] => Array
        (
            [file] => E:\Github\yii2\extensions\mongodb\file\ActiveRecord.php
            [message] => broken link to \yii\mongodb\file\ActiveQueryInterface in yii\mongodb\file\ActiveRecord
        )

    [672] => Array
        (
            [file] => E:\Github\yii2\extensions\mongodb\file\ActiveRecord.php
            [message] => broken link to \yii\mongodb\file\ActiveQueryInterface in yii\mongodb\file\ActiveRecord
        )

    [673] => Array
        (
            [file] => E:\Github\yii2\extensions\mongodb\file\ActiveRecord.php
            [message] => broken link to \yii\mongodb\file\ActiveQueryInterface in yii\mongodb\file\ActiveRecord
        )

    [674] => Array
        (
            [file] => E:\Github\yii2\extensions\mongodb\file\ActiveRecord.php
            [message] => broken link to \yii\mongodb\file\ActiveQueryInterface in yii\mongodb\file\ActiveRecord
        )

    [675] => Array
        (
            [file] => E:\Github\yii2\extensions\mongodb\file\ActiveRecord.php
            [message] => broken link to \yii\mongodb\file\BaseActiveRecord::hasMany() in yii\mongodb\file\ActiveRecord
        )

    [676] => Array
        (
            [file] => E:\Github\yii2\extensions\mongodb\file\ActiveRecord.php
            [message] => broken link to \yii\mongodb\file\BaseActiveRecord::hasOne() in yii\mongodb\file\ActiveRecord
        )

    [677] => Array
        (
            [file] => E:\Github\yii2\extensions\mongodb\file\ActiveRecord.php
            [message] => broken link to \yii\mongodb\file\file in yii\mongodb\file\ActiveRecord
        )

    [678] => Array
        (
            [file] => E:\Github\yii2\extensions\mongodb\file\ActiveRecord.php
            [message] => broken link to \yii\mongodb\file\file in yii\mongodb\file\ActiveRecord
        )

    [679] => Array
        (
            [file] => E:\Github\yii2\extensions\mongodb\file\ActiveRecord.php
            [message] => broken link to \yii\mongodb\file\file in yii\mongodb\file\ActiveRecord
        )

    [680] => Array
        (
            [file] => E:\Github\yii2\extensions\mongodb\file\ActiveRecord.php
            [message] => broken link to \yii\mongodb\file\file in yii\mongodb\file\ActiveRecord
        )

    [681] => Array
        (
            [file] => E:\Github\yii2\extensions\mongodb\file\ActiveRecord.php
            [message] => broken link to \yii\mongodb\file\newFileContent in yii\mongodb\file\ActiveRecord
        )

    [682] => Array
        (
            [file] => E:\Github\yii2\extensions\mongodb\file\ActiveRecord.php
            [message] => broken link to \yii\mongodb\file\newFileContent in yii\mongodb\file\ActiveRecord
        )

    [683] => Array
        (
            [file] => E:\Github\yii2\extensions\mongodb\file\Collection.php
            [message] => broken link to \yii\mongo\Collection in yii\mongodb\file\Collection
        )

    [684] => Array
        (
            [file] => E:\Github\yii2\extensions\mongodb\file\Collection.php
            [message] => broken link to \yii\mongodb\file\Connection::getFileCollection() in yii\mongodb\file\Collection
        )

    [685] => Array
        (
            [file] => E:\Github\yii2\extensions\mongodb\file\Collection.php
            [message] => broken link to \yii\mongodb\file\Database::getFileCollection() in yii\mongodb\file\Collection
        )

    [686] => Array
        (
            [file] => E:\Github\yii2\extensions\mongodb\gii\model\Generator.php
            [message] => broken link to \yii\mongodb\gii\model\Validator in yii\mongodb\gii\model\Generator
        )

    [687] => Array
        (
            [file] => E:\Github\yii2\extensions\mongodb\gii\model\Generator.php
            [message] => broken link to \yii\mongodb\gii\model\Validator::builtInValidators in yii\mongodb\gii\model\Generator
        )

    [688] => Array
        (
            [line] => 24
            [file] => E:\Github\yii2\extensions\mongodb\gii\model\Generator.php
            [message] => No docblock for element '$db'
        )

    [689] => Array
        (
            [line] => 24
            [file] => E:\Github\yii2\extensions\mongodb\gii\model\Generator.php
            [message] => No short description for element '$db'
        )

    [690] => Array
        (
            [line] => 25
            [file] => E:\Github\yii2\extensions\mongodb\gii\model\Generator.php
            [message] => No docblock for element '$ns'
        )

    [691] => Array
        (
            [line] => 25
            [file] => E:\Github\yii2\extensions\mongodb\gii\model\Generator.php
            [message] => No short description for element '$ns'
        )

    [692] => Array
        (
            [line] => 26
            [file] => E:\Github\yii2\extensions\mongodb\gii\model\Generator.php
            [message] => No docblock for element '$collectionName'
        )

    [693] => Array
        (
            [line] => 26
            [file] => E:\Github\yii2\extensions\mongodb\gii\model\Generator.php
            [message] => No short description for element '$collectionName'
        )

    [694] => Array
        (
            [line] => 27
            [file] => E:\Github\yii2\extensions\mongodb\gii\model\Generator.php
            [message] => No docblock for element '$databaseName'
        )

    [695] => Array
        (
            [line] => 27
            [file] => E:\Github\yii2\extensions\mongodb\gii\model\Generator.php
            [message] => No short description for element '$databaseName'
        )

    [696] => Array
        (
            [line] => 28
            [file] => E:\Github\yii2\extensions\mongodb\gii\model\Generator.php
            [message] => No docblock for element '$attributeList'
        )

    [697] => Array
        (
            [line] => 28
            [file] => E:\Github\yii2\extensions\mongodb\gii\model\Generator.php
            [message] => No short description for element '$attributeList'
        )

    [698] => Array
        (
            [line] => 29
            [file] => E:\Github\yii2\extensions\mongodb\gii\model\Generator.php
            [message] => No docblock for element '$modelClass'
        )

    [699] => Array
        (
            [line] => 29
            [file] => E:\Github\yii2\extensions\mongodb\gii\model\Generator.php
            [message] => No short description for element '$modelClass'
        )

    [700] => Array
        (
            [line] => 30
            [file] => E:\Github\yii2\extensions\mongodb\gii\model\Generator.php
            [message] => No docblock for element '$baseClass'
        )

    [701] => Array
        (
            [line] => 30
            [file] => E:\Github\yii2\extensions\mongodb\gii\model\Generator.php
            [message] => No short description for element '$baseClass'
        )

    [702] => Array
        (
            [file] => E:\Github\yii2\extensions\redis\ActiveRecord.php
            [message] => broken link to \yii\redis\ActiveQueryInterface in yii\redis\ActiveRecord
        )

    [703] => Array
        (
            [file] => E:\Github\yii2\extensions\redis\ActiveRecord.php
            [message] => broken link to \yii\redis\ActiveQueryInterface in yii\redis\ActiveRecord
        )

    [704] => Array
        (
            [file] => E:\Github\yii2\extensions\redis\ActiveRecord.php
            [message] => broken link to \yii\redis\ActiveQueryInterface in yii\redis\ActiveRecord
        )

    [705] => Array
        (
            [file] => E:\Github\yii2\extensions\redis\ActiveRecord.php
            [message] => broken link to \yii\redis\ActiveQueryInterface in yii\redis\ActiveRecord
        )

    [706] => Array
        (
            [line] => 133
            [file] => E:\Github\yii2\extensions\redis\Cache.php
            [message] => Method param $expire does not exist in parent method, @inheritdoc not possible in setValue in yii\redis\Cache.
        )

    [707] => Array
        (
            [line] => 147
            [file] => E:\Github\yii2\extensions\redis\Cache.php
            [message] => Method param $expire does not exist in parent method, @inheritdoc not possible in setValues in yii\redis\Cache.
        )

    [708] => Array
        (
            [line] => 182
            [file] => E:\Github\yii2\extensions\redis\Cache.php
            [message] => Method param $expire does not exist in parent method, @inheritdoc not possible in addValue in yii\redis\Cache.
        )

    [709] => Array
        (
            [file] => E:\Github\yii2\extensions\redis\Connection.php
            [message] => broken link to \yii\redis\dsn in yii\redis\Connection
        )

    [710] => Array
        (
            [file] => E:\Github\yii2\extensions\redis\Connection.php
            [message] => broken link to \yii\redis\dsn in yii\redis\Connection
        )

    [711] => Array
        (
            [line] => 377
            [file] => E:\Github\yii2\extensions\redis\LuaScriptBuilder.php
            [message] => No docblock for element 'buildCompositeInCondition'
        )

    [712] => Array
        (
            [file] => E:\Github\yii2\extensions\redis\Session.php
            [message] => broken link to \yii\redis\Application::id in yii\redis\Session
        )

    [713] => Array
        (
            [line] => 28
            [file] => E:\Github\yii2\extensions\smarty\Extension.php
            [message] => No short description for element '$viewRenderer'
        )

    [714] => Array
        (
            [line] => 33
            [file] => E:\Github\yii2\extensions\smarty\Extension.php
            [message] => No short description for element '$smarty'
        )

    [715] => Array
        (
            [file] => E:\Github\yii2\extensions\sphinx\ActiveRecord.php
            [message] => broken link to \yii\sphinx\ActiveQueryInterface in yii\sphinx\ActiveRecord
        )

    [716] => Array
        (
            [file] => E:\Github\yii2\extensions\sphinx\ActiveRecord.php
            [message] => broken link to \yii\sphinx\ActiveQueryInterface in yii\sphinx\ActiveRecord
        )

    [717] => Array
        (
            [file] => E:\Github\yii2\extensions\sphinx\ActiveRecord.php
            [message] => broken link to \yii\sphinx\ActiveQueryInterface in yii\sphinx\ActiveRecord
        )

    [718] => Array
        (
            [file] => E:\Github\yii2\extensions\sphinx\ActiveRecord.php
            [message] => broken link to \yii\sphinx\ActiveQueryInterface in yii\sphinx\ActiveRecord
        )

    [719] => Array
        (
            [file] => E:\Github\yii2\extensions\sphinx\ActiveRecord.php
            [message] => broken link to \yii\sphinx\CActiveRecord::update() in yii\sphinx\ActiveRecord
        )

    [720] => Array
        (
            [file] => E:\Github\yii2\extensions\sphinx\ActiveRecord.php
            [message] => broken link to \yii\sphinx\changedAttributes in yii\sphinx\ActiveRecord
        )

    [721] => Array
        (
            [file] => E:\Github\yii2\extensions\sphinx\ActiveRecord.php
            [message] => broken link to \yii\sphinx\changedAttributes in yii\sphinx\ActiveRecord
        )

    [722] => Array
        (
            [file] => E:\Github\yii2\extensions\sphinx\Command.php
            [message] => broken link to yii\sphinx\QueryBuilder::getColumnType() in yii\sphinx\Command
        )

    [723] => Array
        (
            [file] => E:\Github\yii2\extensions\sphinx\QueryBuilder.php
            [message] => broken link to \yii\sphinx\query in yii\sphinx\QueryBuilder
        )

    [724] => Array
        (
            [file] => E:\Github\yii2\extensions\sphinx\QueryBuilder.php
            [message] => broken link to \yii\sphinx\query in yii\sphinx\QueryBuilder
        )

    [725] => Array
        (
            [file] => E:\Github\yii2\extensions\sphinx\QueryBuilder.php
            [message] => broken link to \yii\sphinx\query in yii\sphinx\QueryBuilder
        )

    [726] => Array
        (
            [file] => E:\Github\yii2\extensions\sphinx\QueryBuilder.php
            [message] => broken link to \yii\sphinx\query in yii\sphinx\QueryBuilder
        )

    [727] => Array
        (
            [file] => E:\Github\yii2\extensions\sphinx\QueryBuilder.php
            [message] => broken link to \yii\sphinx\query in yii\sphinx\QueryBuilder
        )

    [728] => Array
        (
            [file] => E:\Github\yii2\extensions\sphinx\QueryBuilder.php
            [message] => broken link to \yii\sphinx\query in yii\sphinx\QueryBuilder
        )

    [729] => Array
        (
            [file] => E:\Github\yii2\extensions\sphinx\QueryBuilder.php
            [message] => broken link to \yii\sphinx\query in yii\sphinx\QueryBuilder
        )

    [730] => Array
        (
            [file] => E:\Github\yii2\extensions\sphinx\Schema.php
            [message] => broken link to \yii\sphinx\quoteSimpleTableName in yii\sphinx\Schema
        )

    [731] => Array
        (
            [file] => E:\Github\yii2\extensions\sphinx\Schema.php
            [message] => broken link to yii\sphinx\Connection::indexPrefix in yii\sphinx\Schema
        )

    [732] => Array
        (
            [file] => E:\Github\yii2\extensions\sphinx\gii\model\Generator.php
            [message] => broken link to \yii\sphinx\gii\model\Validator in yii\sphinx\gii\model\Generator
        )

    [733] => Array
        (
            [file] => E:\Github\yii2\extensions\sphinx\gii\model\Generator.php
            [message] => broken link to \yii\sphinx\gii\model\Validator::builtInValidators in yii\sphinx\gii\model\Generator
        )

    [734] => Array
        (
            [line] => 25
            [file] => E:\Github\yii2\extensions\sphinx\gii\model\Generator.php
            [message] => No docblock for element '$db'
        )

    [735] => Array
        (
            [line] => 25
            [file] => E:\Github\yii2\extensions\sphinx\gii\model\Generator.php
            [message] => No short description for element '$db'
        )

    [736] => Array
        (
            [line] => 26
            [file] => E:\Github\yii2\extensions\sphinx\gii\model\Generator.php
            [message] => No docblock for element '$ns'
        )

    [737] => Array
        (
            [line] => 26
            [file] => E:\Github\yii2\extensions\sphinx\gii\model\Generator.php
            [message] => No short description for element '$ns'
        )

    [738] => Array
        (
            [line] => 27
            [file] => E:\Github\yii2\extensions\sphinx\gii\model\Generator.php
            [message] => No docblock for element '$indexName'
        )

    [739] => Array
        (
            [line] => 27
            [file] => E:\Github\yii2\extensions\sphinx\gii\model\Generator.php
            [message] => No short description for element '$indexName'
        )

    [740] => Array
        (
            [line] => 28
            [file] => E:\Github\yii2\extensions\sphinx\gii\model\Generator.php
            [message] => No docblock for element '$modelClass'
        )

    [741] => Array
        (
            [line] => 28
            [file] => E:\Github\yii2\extensions\sphinx\gii\model\Generator.php
            [message] => No short description for element '$modelClass'
        )

    [742] => Array
        (
            [line] => 29
            [file] => E:\Github\yii2\extensions\sphinx\gii\model\Generator.php
            [message] => No docblock for element '$baseClass'
        )

    [743] => Array
        (
            [line] => 29
            [file] => E:\Github\yii2\extensions\sphinx\gii\model\Generator.php
            [message] => No short description for element '$baseClass'
        )

    [744] => Array
        (
            [line] => 30
            [file] => E:\Github\yii2\extensions\sphinx\gii\model\Generator.php
            [message] => No docblock for element '$useIndexPrefix'
        )

    [745] => Array
        (
            [line] => 30
            [file] => E:\Github\yii2\extensions\sphinx\gii\model\Generator.php
            [message] => No short description for element '$useIndexPrefix'
        )

    [746] => Array
        (
            [line] => 50
            [file] => E:\Github\yii2\extensions\twig\Extension.php
            [message] => Method getNodeVisitors has no parent to inherit from in yii\twig\Extension.
        )

    [747] => Array
        (
            [line] => 60
            [file] => E:\Github\yii2\extensions\twig\Extension.php
            [message] => Method getFunctions has no parent to inherit from in yii\twig\Extension.
        )

    [748] => Array
        (
            [line] => 87
            [file] => E:\Github\yii2\extensions\twig\Extension.php
            [message] => No docblock for element 'registerAsset'
        )

    [749] => Array
        (
            [line] => 94
            [file] => E:\Github\yii2\extensions\twig\Extension.php
            [message] => No docblock for element 'beginWidget'
        )

    [750] => Array
        (
            [line] => 103
            [file] => E:\Github\yii2\extensions\twig\Extension.php
            [message] => No docblock for element 'endWidget'
        )

    [751] => Array
        (
            [line] => 116
            [file] => E:\Github\yii2\extensions\twig\Extension.php
            [message] => No docblock for element 'widget'
        )

    [752] => Array
        (
            [line] => 123
            [file] => E:\Github\yii2\extensions\twig\Extension.php
            [message] => No docblock for element 'viewHelper'
        )

    [753] => Array
        (
            [line] => 130
            [file] => E:\Github\yii2\extensions\twig\Extension.php
            [message] => No docblock for element 'resolveAndCall'
        )

    [754] => Array
        (
            [line] => 135
            [file] => E:\Github\yii2\extensions\twig\Extension.php
            [message] => No docblock for element 'call'
        )

    [755] => Array
        (
            [line] => 145
            [file] => E:\Github\yii2\extensions\twig\Extension.php
            [message] => No docblock for element 'resolveClassName'
        )

    [756] => Array
        (
            [line] => 160
            [file] => E:\Github\yii2\extensions\twig\Extension.php
            [message] => No docblock for element 'addUses'
        )

    [757] => Array
        (
            [line] => 180
            [file] => E:\Github\yii2\extensions\twig\Extension.php
            [message] => No docblock for element 'path'
        )

    [758] => Array
        (
            [line] => 185
            [file] => E:\Github\yii2\extensions\twig\Extension.php
            [message] => No docblock for element 'url'
        )

    [759] => Array
        (
            [line] => 190
            [file] => E:\Github\yii2\extensions\twig\Extension.php
            [message] => No docblock for element 'setProperty'
        )

    [760] => Array
        (
            [line] => 198
            [file] => E:\Github\yii2\extensions\twig\Extension.php
            [message] => Method getName has no parent to inherit from in yii\twig\Extension.
        )

    [761] => Array
        (
            [line] => 22
            [file] => E:\Github\yii2\extensions\twig\Optimizer.php
            [message] => Method enterNode has no parent to inherit from in yii\twig\Optimizer.
        )

    [762] => Array
        (
            [line] => 30
            [file] => E:\Github\yii2\extensions\twig\Optimizer.php
            [message] => Method leaveNode has no parent to inherit from in yii\twig\Optimizer.
        )

    [763] => Array
        (
            [line] => 62
            [file] => E:\Github\yii2\extensions\twig\Optimizer.php
            [message] => Method getPriority has no parent to inherit from in yii\twig\Optimizer.
        )

    [764] => Array
        (
            [line] => 20
            [file] => E:\Github\yii2\extensions\twig\Template.php
            [message] => Method getAttribute has no parent to inherit from in yii\twig\Template.
        )

    [765] => Array
        (
            [line] => 73
            [file] => E:\Github\yii2\extensions\twig\ViewRenderer.php
            [message] => Property $lexerOptions conflicts with a defined setter setLexerOptions in yii\twig\ViewRenderer.
        )

    [766] => Array
        (
            [line] => 94
            [file] => E:\Github\yii2\extensions\twig\ViewRenderer.php
            [message] => No docblock for element 'init'
        )

    [767] => Array
        (
            [line] => 21
            [file] => E:\Github\yii2\extensions\twig\ViewRendererStaticClassProxy.php
            [message] => No docblock for element '__construct'
        )

    [768] => Array
        (
            [line] => 26
            [file] => E:\Github\yii2\extensions\twig\ViewRendererStaticClassProxy.php
            [message] => No docblock for element '__get'
        )

    [769] => Array
        (
            [line] => 33
            [file] => E:\Github\yii2\extensions\twig\ViewRendererStaticClassProxy.php
            [message] => No docblock for element '__set'
        )

    [770] => Array
        (
            [line] => 41
            [file] => E:\Github\yii2\extensions\twig\ViewRendererStaticClassProxy.php
            [message] => No docblock for element '__call'
        )

    [771] => Array
        (
            [file] => E:\Github\yii2\framework\base\Component.php
            [message] => broken link to Object in yii\base\Component
        )

    [772] => Array
        (
            [line] => 167
            [file] => E:\Github\yii2\framework\base\Security.php
            [message] => No docblock for element '__destruct'
        )

    [773] => Array
        (
            [line] => 20
            [file] => E:\Github\yii2\framework\captcha\CaptchaAsset.php
            [message] => No docblock for element '$sourcePath'
        )

    [774] => Array
        (
            [line] => 20
            [file] => E:\Github\yii2\framework\captcha\CaptchaAsset.php
            [message] => No short description for element '$sourcePath'
        )

    [775] => Array
        (
            [line] => 21
            [file] => E:\Github\yii2\framework\captcha\CaptchaAsset.php
            [message] => No docblock for element '$js'
        )

    [776] => Array
        (
            [line] => 21
            [file] => E:\Github\yii2\framework\captcha\CaptchaAsset.php
            [message] => No short description for element '$js'
        )

    [777] => Array
        (
            [line] => 24
            [file] => E:\Github\yii2\framework\captcha\CaptchaAsset.php
            [message] => No docblock for element '$depends'
        )

    [778] => Array
        (
            [line] => 24
            [file] => E:\Github\yii2\framework\captcha\CaptchaAsset.php
            [message] => No short description for element '$depends'
        )

    [779] => Array
        (
            [line] => 38
            [file] => E:\Github\yii2\framework\console\Markdown.php
            [message] => Method identifyLine has no parent to inherit from in yii\console\Markdown.
        )

    [780] => Array
        (
            [line] => 90
            [file] => E:\Github\yii2\framework\console\Markdown.php
            [message] => Method renderParagraph has no parent to inherit from in yii\console\Markdown.
        )

    [781] => Array
        (
            [line] => 98
            [file] => E:\Github\yii2\framework\console\Markdown.php
            [message] => Method inlineMarkers has no parent to inherit from in yii\console\Markdown.
        )

    [782] => Array
        (
            [line] => 482
            [file] => E:\Github\yii2\framework\db\Query.php
            [message] => Method param $params does not exist in parent method, @inheritdoc not possible in where in yii\db\Query.
        )

    [783] => Array
        (
            [file] => E:\Github\yii2\framework\db\mssql\QueryBuilder.php
            [message] => broken link to \yii\db\mssql\Query::limit in yii\db\mssql\QueryBuilder
        )

    [784] => Array
        (
            [file] => E:\Github\yii2\framework\db\mssql\QueryBuilder.php
            [message] => broken link to \yii\db\mssql\Query::limit in yii\db\mssql\QueryBuilder
        )

    [785] => Array
        (
            [file] => E:\Github\yii2\framework\db\mssql\QueryBuilder.php
            [message] => broken link to \yii\db\mssql\Query::limit in yii\db\mssql\QueryBuilder
        )

    [786] => Array
        (
            [file] => E:\Github\yii2\framework\db\mssql\QueryBuilder.php
            [message] => broken link to \yii\db\mssql\Query::offset in yii\db\mssql\QueryBuilder
        )

    [787] => Array
        (
            [file] => E:\Github\yii2\framework\db\mssql\QueryBuilder.php
            [message] => broken link to \yii\db\mssql\Query::offset in yii\db\mssql\QueryBuilder
        )

    [788] => Array
        (
            [file] => E:\Github\yii2\framework\db\mssql\QueryBuilder.php
            [message] => broken link to \yii\db\mssql\Query::offset in yii\db\mssql\QueryBuilder
        )

    [789] => Array
        (
            [file] => E:\Github\yii2\framework\db\mssql\QueryBuilder.php
            [message] => broken link to \yii\db\mssql\Query::orderBy in yii\db\mssql\QueryBuilder
        )

    [790] => Array
        (
            [file] => E:\Github\yii2\framework\db\mssql\QueryBuilder.php
            [message] => broken link to \yii\db\mssql\Query::orderBy in yii\db\mssql\QueryBuilder
        )

    [791] => Array
        (
            [file] => E:\Github\yii2\framework\db\mssql\QueryBuilder.php
            [message] => broken link to \yii\db\mssql\Query::orderBy in yii\db\mssql\QueryBuilder
        )

    [792] => Array
        (
            [file] => E:\Github\yii2\framework\db\mssql\Schema.php
            [message] => broken link to \yii\db\mssql\Transaction::READ_COMMITTED in yii\db\mssql\Schema
        )

    [793] => Array
        (
            [file] => E:\Github\yii2\framework\db\mssql\Schema.php
            [message] => broken link to \yii\db\mssql\Transaction::READ_UNCOMMITTED in yii\db\mssql\Schema
        )

    [794] => Array
        (
            [file] => E:\Github\yii2\framework\db\mssql\Schema.php
            [message] => broken link to \yii\db\mssql\Transaction::REPEATABLE_READ in yii\db\mssql\Schema
        )

    [795] => Array
        (
            [file] => E:\Github\yii2\framework\db\mssql\Schema.php
            [message] => broken link to \yii\db\mssql\Transaction::SERIALIZABLE in yii\db\mssql\Schema
        )

    [796] => Array
        (
            [file] => E:\Github\yii2\framework\db\mysql\Schema.php
            [message] => broken link to \yii\db\mysql\Transaction::READ_COMMITTED in yii\db\mysql\Schema
        )

    [797] => Array
        (
            [file] => E:\Github\yii2\framework\db\mysql\Schema.php
            [message] => broken link to \yii\db\mysql\Transaction::READ_UNCOMMITTED in yii\db\mysql\Schema
        )

    [798] => Array
        (
            [file] => E:\Github\yii2\framework\db\mysql\Schema.php
            [message] => broken link to \yii\db\mysql\Transaction::REPEATABLE_READ in yii\db\mysql\Schema
        )

    [799] => Array
        (
            [file] => E:\Github\yii2\framework\db\mysql\Schema.php
            [message] => broken link to \yii\db\mysql\Transaction::SERIALIZABLE in yii\db\mysql\Schema
        )

    [800] => Array
        (
            [file] => E:\Github\yii2\framework\db\oci\QueryBuilder.php
            [message] => broken link to \yii\db\oci\Query::limit in yii\db\oci\QueryBuilder
        )

    [801] => Array
        (
            [file] => E:\Github\yii2\framework\db\oci\QueryBuilder.php
            [message] => broken link to \yii\db\oci\Query::offset in yii\db\oci\QueryBuilder
        )

    [802] => Array
        (
            [file] => E:\Github\yii2\framework\db\oci\QueryBuilder.php
            [message] => broken link to \yii\db\oci\Query::orderBy in yii\db\oci\QueryBuilder
        )

    [803] => Array
        (
            [file] => E:\Github\yii2\framework\db\oci\Schema.php
            [message] => broken link to \yii\db\oci\Transaction::READ_COMMITTED in yii\db\oci\Schema
        )

    [804] => Array
        (
            [file] => E:\Github\yii2\framework\db\oci\Schema.php
            [message] => broken link to \yii\db\oci\Transaction::READ_UNCOMMITTED in yii\db\oci\Schema
        )

    [805] => Array
        (
            [file] => E:\Github\yii2\framework\db\oci\Schema.php
            [message] => broken link to \yii\db\oci\Transaction::REPEATABLE_READ in yii\db\oci\Schema
        )

    [806] => Array
        (
            [file] => E:\Github\yii2\framework\db\oci\Schema.php
            [message] => broken link to \yii\db\oci\Transaction::SERIALIZABLE in yii\db\oci\Schema
        )

    [807] => Array
        (
            [file] => E:\Github\yii2\framework\db\pgsql\Schema.php
            [message] => broken link to \yii\db\pgsql\Transaction::READ_COMMITTED in yii\db\pgsql\Schema
        )

    [808] => Array
        (
            [file] => E:\Github\yii2\framework\db\pgsql\Schema.php
            [message] => broken link to \yii\db\pgsql\Transaction::READ_UNCOMMITTED in yii\db\pgsql\Schema
        )

    [809] => Array
        (
            [file] => E:\Github\yii2\framework\db\pgsql\Schema.php
            [message] => broken link to \yii\db\pgsql\Transaction::REPEATABLE_READ in yii\db\pgsql\Schema
        )

    [810] => Array
        (
            [file] => E:\Github\yii2\framework\db\pgsql\Schema.php
            [message] => broken link to \yii\db\pgsql\Transaction::SERIALIZABLE in yii\db\pgsql\Schema
        )

    [811] => Array
        (
            [line] => 208
            [file] => E:\Github\yii2\framework\filters\Cors.php
            [message] => Undefined parameter documented:  in addCorsHeaders().
        )

    [812] => Array
        (
            [line] => 209
            [file] => E:\Github\yii2\framework\filters\Cors.php
            [message] => Undefined parameter documented:  in addCorsHeaders().
        )

    [813] => Array
        (
            [line] => 210
            [file] => E:\Github\yii2\framework\filters\Cors.php
            [message] => Undefined parameter documented:  in addCorsHeaders().
        )

    [814] => Array
        (
            [line] => 210
            [file] => E:\Github\yii2\framework\filters\Cors.php
            [message] => Undefined parameter documented:  in addCorsHeaders().
        )

    [815] => Array
        (
            [line] => 20
            [file] => E:\Github\yii2\framework\grid\GridViewAsset.php
            [message] => No docblock for element '$sourcePath'
        )

    [816] => Array
        (
            [line] => 20
            [file] => E:\Github\yii2\framework\grid\GridViewAsset.php
            [message] => No short description for element '$sourcePath'
        )

    [817] => Array
        (
            [line] => 21
            [file] => E:\Github\yii2\framework\grid\GridViewAsset.php
            [message] => No docblock for element '$js'
        )

    [818] => Array
        (
            [line] => 21
            [file] => E:\Github\yii2\framework\grid\GridViewAsset.php
            [message] => No short description for element '$js'
        )

    [819] => Array
        (
            [line] => 24
            [file] => E:\Github\yii2\framework\grid\GridViewAsset.php
            [message] => No docblock for element '$depends'
        )

    [820] => Array
        (
            [line] => 24
            [file] => E:\Github\yii2\framework\grid\GridViewAsset.php
            [message] => No short description for element '$depends'
        )

    [821] => Array
        (
            [line] => 30
            [file] => E:\Github\yii2\framework\grid\SerialColumn.php
            [message] => No docblock for element '$header'
        )

    [822] => Array
        (
            [line] => 30
            [file] => E:\Github\yii2\framework\grid\SerialColumn.php
            [message] => No short description for element '$header'
        )

    [823] => Array
        (
            [file] => E:\Github\yii2\framework\helpers\BaseConsole.php
            [message] => broken link to \yii\helpers\FG_COLOR in yii\helpers\BaseConsole
        )

    [824] => Array
        (
            [file] => E:\Github\yii2\framework\helpers\BaseHtml.php
            [message] => broken link to \yii\helpers\activeCheckBoxList() in yii\helpers\BaseHtml
        )

    [825] => Array
        (
            [file] => E:\Github\yii2\framework\helpers\BaseInflector.php
            [message] => broken link to \yii\helpers\Transliterator in yii\helpers\BaseInflector
        )

    [826] => Array
        (
            [file] => E:\Github\yii2\framework\helpers\BaseInflector.php
            [message] => broken link to \yii\helpers\Transliterator in yii\helpers\BaseInflector
        )

    [827] => Array
        (
            [file] => E:\Github\yii2\framework\helpers\BaseInflector.php
            [message] => broken link to \yii\helpers\Transliterator in yii\helpers\BaseInflector
        )

    [828] => Array
        (
            [file] => E:\Github\yii2\framework\helpers\BaseInflector.php
            [message] => broken link to \yii\helpers\Transliterator in yii\helpers\BaseInflector
        )

    [829] => Array
        (
            [file] => E:\Github\yii2\framework\helpers\BaseInflector.php
            [message] => broken link to \yii\helpers\Transliterator in yii\helpers\BaseInflector
        )

    [830] => Array
        (
            [file] => E:\Github\yii2\framework\helpers\BaseInflector.php
            [message] => broken link to \yii\helpers\Transliterator in yii\helpers\BaseInflector
        )

    [831] => Array
        (
            [file] => E:\Github\yii2\framework\i18n\Formatter.php
            [message] => broken link to \yii\i18n\asDateTime() in yii\i18n\Formatter
        )

    [832] => Array
        (
            [file] => E:\Github\yii2\framework\i18n\Formatter.php
            [message] => broken link to \yii\i18n\asDateTime() in yii\i18n\Formatter
        )

    [833] => Array
        (
            [file] => E:\Github\yii2\framework\i18n\Formatter.php
            [message] => broken link to \yii\i18n\sizeFormat in yii\i18n\Formatter
        )

    [834] => Array
        (
            [file] => E:\Github\yii2\framework\i18n\Formatter.php
            [message] => broken link to \yii\i18n\sizeFormat in yii\i18n\Formatter
        )

    [835] => Array
        (
            [line] => 37
            [file] => E:\Github\yii2\framework\i18n\GettextMessageSource.php
            [message] => No short description for element '$basePath'
        )

    [836] => Array
        (
            [line] => 41
            [file] => E:\Github\yii2\framework\i18n\GettextMessageSource.php
            [message] => No short description for element '$catalog'
        )

    [837] => Array
        (
            [line] => 45
            [file] => E:\Github\yii2\framework\i18n\GettextMessageSource.php
            [message] => No short description for element '$useMoFile'
        )

    [838] => Array
        (
            [line] => 49
            [file] => E:\Github\yii2\framework\i18n\GettextMessageSource.php
            [message] => No short description for element '$useBigEndian'
        )

    [839] => Array
        (
            [line] => 29
            [file] => E:\Github\yii2\framework\rbac\Assignment.php
            [message] => No short description for element '$roleName'
        )

    [840] => Array
        (
            [line] => 65
            [file] => E:\Github\yii2\framework\rbac\PhpManager.php
            [message] => No short description for element '$items'
        )

    [841] => Array
        (
            [line] => 65
            [file] => E:\Github\yii2\framework\rbac\PhpManager.php
            [message] => No short description for element '$items'
        )

    [842] => Array
        (
            [line] => 65
            [file] => E:\Github\yii2\framework\rbac\PhpManager.php
            [message] => No short description for element '$items'
        )

    [843] => Array
        (
            [line] => 69
            [file] => E:\Github\yii2\framework\rbac\PhpManager.php
            [message] => No short description for element '$children'
        )

    [844] => Array
        (
            [line] => 69
            [file] => E:\Github\yii2\framework\rbac\PhpManager.php
            [message] => No short description for element '$children'
        )

    [845] => Array
        (
            [line] => 69
            [file] => E:\Github\yii2\framework\rbac\PhpManager.php
            [message] => No short description for element '$children'
        )

    [846] => Array
        (
            [line] => 73
            [file] => E:\Github\yii2\framework\rbac\PhpManager.php
            [message] => No short description for element '$assignments'
        )

    [847] => Array
        (
            [line] => 73
            [file] => E:\Github\yii2\framework\rbac\PhpManager.php
            [message] => No short description for element '$assignments'
        )

    [848] => Array
        (
            [line] => 73
            [file] => E:\Github\yii2\framework\rbac\PhpManager.php
            [message] => No short description for element '$assignments'
        )

    [849] => Array
        (
            [line] => 77
            [file] => E:\Github\yii2\framework\rbac\PhpManager.php
            [message] => No short description for element '$rules'
        )

    [850] => Array
        (
            [line] => 77
            [file] => E:\Github\yii2\framework\rbac\PhpManager.php
            [message] => No short description for element '$rules'
        )

    [851] => Array
        (
            [line] => 77
            [file] => E:\Github\yii2\framework\rbac\PhpManager.php
            [message] => No short description for element '$rules'
        )

    [852] => Array
        (
            [line] => 77
            [file] => E:\Github\yii2\framework\rbac\PhpManager.php
            [message] => Property $rules conflicts with a defined getter getRules in yii\rbac\PhpManager.
        )

    [853] => Array
        (
            [file] => E:\Github\yii2\framework\rest\ActiveController.php
            [message] => broken link to \yii\rest\VerbFilter::actions in yii\rest\ActiveController
        )

    [854] => Array
        (
            [file] => E:\Github\yii2\framework\rest\Controller.php
            [message] => broken link to \yii\rest\Behavior in yii\rest\Controller
        )

    [855] => Array
        (
            [line] => 116
            [file] => E:\Github\yii2\framework\validators\DateValidator.php
            [message] => No docblock for element 'parseDateValue'
        )

    [856] => Array
        (
            [file] => E:\Github\yii2\framework\validators\FileValidator.php
            [message] => broken link to \yii\validators\wrongType in yii\validators\FileValidator
        )

    [857] => Array
        (
            [line] => 208
            [file] => E:\Github\yii2\framework\validators\FileValidator.php
            [message] => Method param $file does not exist in parent method, @inheritdoc not possible in validateValue in yii\validators\FileValidator.
        )

    [858] => Array
        (
            [line] => 275
            [file] => E:\Github\yii2\framework\validators\FileValidator.php
            [message] => Method param $trim does not exist in parent method, @inheritdoc not possible in isEmpty in yii\validators\FileValidator.
        )

    [859] => Array
        (
            [line] => 20
            [file] => E:\Github\yii2\framework\validators\PunycodeAsset.php
            [message] => No docblock for element '$sourcePath'
        )

    [860] => Array
        (
            [line] => 20
            [file] => E:\Github\yii2\framework\validators\PunycodeAsset.php
            [message] => No short description for element '$sourcePath'
        )

    [861] => Array
        (
            [line] => 21
            [file] => E:\Github\yii2\framework\validators\PunycodeAsset.php
            [message] => No docblock for element '$js'
        )

    [862] => Array
        (
            [line] => 21
            [file] => E:\Github\yii2\framework\validators\PunycodeAsset.php
            [message] => No short description for element '$js'
        )

    [863] => Array
        (
            [line] => 20
            [file] => E:\Github\yii2\framework\validators\ValidationAsset.php
            [message] => No docblock for element '$sourcePath'
        )

    [864] => Array
        (
            [line] => 20
            [file] => E:\Github\yii2\framework\validators\ValidationAsset.php
            [message] => No short description for element '$sourcePath'
        )

    [865] => Array
        (
            [line] => 21
            [file] => E:\Github\yii2\framework\validators\ValidationAsset.php
            [message] => No docblock for element '$js'
        )

    [866] => Array
        (
            [line] => 21
            [file] => E:\Github\yii2\framework\validators\ValidationAsset.php
            [message] => No short description for element '$js'
        )

    [867] => Array
        (
            [line] => 24
            [file] => E:\Github\yii2\framework\validators\ValidationAsset.php
            [message] => No docblock for element '$depends'
        )

    [868] => Array
        (
            [line] => 24
            [file] => E:\Github\yii2\framework\validators\ValidationAsset.php
            [message] => No short description for element '$depends'
        )

    [869] => Array
        (
            [file] => E:\Github\yii2\framework\web\AssetManager.php
            [message] => broken link to \yii\web\css in yii\web\AssetManager
        )

    [870] => Array
        (
            [file] => E:\Github\yii2\framework\web\AssetManager.php
            [message] => broken link to \yii\web\css in yii\web\AssetManager
        )

    [871] => Array
        (
            [file] => E:\Github\yii2\framework\web\AssetManager.php
            [message] => broken link to \yii\web\js in yii\web\AssetManager
        )

    [872] => Array
        (
            [file] => E:\Github\yii2\framework\web\AssetManager.php
            [message] => broken link to \yii\web\js in yii\web\AssetManager
        )

    [873] => Array
        (
            [line] => 69
            [file] => E:\Github\yii2\framework\web\AssetManager.php
            [message] => No short description for element '$basePath'
        )

    [874] => Array
        (
            [line] => 73
            [file] => E:\Github\yii2\framework\web\AssetManager.php
            [message] => No short description for element '$baseUrl'
        )

    [875] => Array
        (
            [line] => 204
            [file] => E:\Github\yii2\framework\web\AssetManager.php
            [message] => No docblock for element 'loadBundle'
        )

    [876] => Array
        (
            [line] => 217
            [file] => E:\Github\yii2\framework\web\AssetManager.php
            [message] => No docblock for element 'loadDummyBundle'
        )

    [877] => Array
        (
            [line] => 18
            [file] => E:\Github\yii2\framework\web\JqueryAsset.php
            [message] => No docblock for element '$sourcePath'
        )

    [878] => Array
        (
            [line] => 18
            [file] => E:\Github\yii2\framework\web\JqueryAsset.php
            [message] => No short description for element '$sourcePath'
        )

    [879] => Array
        (
            [line] => 19
            [file] => E:\Github\yii2\framework\web\JqueryAsset.php
            [message] => No docblock for element '$js'
        )

    [880] => Array
        (
            [line] => 19
            [file] => E:\Github\yii2\framework\web\JqueryAsset.php
            [message] => No short description for element '$js'
        )

    [881] => Array
        (
            [file] => E:\Github\yii2\framework\web\Request.php
            [message] => broken link to \yii\web\rawCsrfToken in yii\web\Request
        )

    [882] => Array
        (
            [line] => 18
            [file] => E:\Github\yii2\framework\web\YiiAsset.php
            [message] => No docblock for element '$sourcePath'
        )

    [883] => Array
        (
            [line] => 18
            [file] => E:\Github\yii2\framework\web\YiiAsset.php
            [message] => No short description for element '$sourcePath'
        )

    [884] => Array
        (
            [line] => 19
            [file] => E:\Github\yii2\framework\web\YiiAsset.php
            [message] => No docblock for element '$js'
        )

    [885] => Array
        (
            [line] => 19
            [file] => E:\Github\yii2\framework\web\YiiAsset.php
            [message] => No short description for element '$js'
        )

    [886] => Array
        (
            [line] => 22
            [file] => E:\Github\yii2\framework\web\YiiAsset.php
            [message] => No docblock for element '$depends'
        )

    [887] => Array
        (
            [line] => 22
            [file] => E:\Github\yii2\framework\web\YiiAsset.php
            [message] => No short description for element '$depends'
        )

    [888] => Array
        (
            [line] => 31
            [file] => E:\Github\yii2\framework\widgets\ActiveForm.php
            [message] => No short description for element '$action'
        )

    [889] => Array
        (
            [line] => 18
            [file] => E:\Github\yii2\framework\widgets\ActiveFormAsset.php
            [message] => No docblock for element '$sourcePath'
        )

    [890] => Array
        (
            [line] => 18
            [file] => E:\Github\yii2\framework\widgets\ActiveFormAsset.php
            [message] => No short description for element '$sourcePath'
        )

    [891] => Array
        (
            [line] => 19
            [file] => E:\Github\yii2\framework\widgets\ActiveFormAsset.php
            [message] => No docblock for element '$js'
        )

    [892] => Array
        (
            [line] => 19
            [file] => E:\Github\yii2\framework\widgets\ActiveFormAsset.php
            [message] => No short description for element '$js'
        )

    [893] => Array
        (
            [line] => 22
            [file] => E:\Github\yii2\framework\widgets\ActiveFormAsset.php
            [message] => No docblock for element '$depends'
        )

    [894] => Array
        (
            [line] => 22
            [file] => E:\Github\yii2\framework\widgets\ActiveFormAsset.php
            [message] => No short description for element '$depends'
        )

    [895] => Array
        (
            [line] => 22
            [file] => E:\Github\yii2\framework\widgets\MaskedInputAsset.php
            [message] => No docblock for element '$sourcePath'
        )

    [896] => Array
        (
            [line] => 22
            [file] => E:\Github\yii2\framework\widgets\MaskedInputAsset.php
            [message] => No short description for element '$sourcePath'
        )

    [897] => Array
        (
            [line] => 23
            [file] => E:\Github\yii2\framework\widgets\MaskedInputAsset.php
            [message] => No docblock for element '$js'
        )

    [898] => Array
        (
            [line] => 23
            [file] => E:\Github\yii2\framework\widgets\MaskedInputAsset.php
            [message] => No short description for element '$js'
        )

    [899] => Array
        (
            [line] => 26
            [file] => E:\Github\yii2\framework\widgets\MaskedInputAsset.php
            [message] => No docblock for element '$depends'
        )

    [900] => Array
        (
            [line] => 26
            [file] => E:\Github\yii2\framework\widgets\MaskedInputAsset.php
            [message] => No short description for element '$depends'
        )

    [901] => Array
        (
            [line] => 20
            [file] => E:\Github\yii2\framework\widgets\PjaxAsset.php
            [message] => No docblock for element '$sourcePath'
        )

    [902] => Array
        (
            [line] => 20
            [file] => E:\Github\yii2\framework\widgets\PjaxAsset.php
            [message] => No short description for element '$sourcePath'
        )

    [903] => Array
        (
            [line] => 21
            [file] => E:\Github\yii2\framework\widgets\PjaxAsset.php
            [message] => No docblock for element '$js'
        )

    [904] => Array
        (
            [line] => 21
            [file] => E:\Github\yii2\framework\widgets\PjaxAsset.php
            [message] => No short description for element '$js'
        )

    [905] => Array
        (
            [line] => 24
            [file] => E:\Github\yii2\framework\widgets\PjaxAsset.php
            [message] => No docblock for element '$depends'
        )

    [906] => Array
        (
            [line] => 24
            [file] => E:\Github\yii2\framework\widgets\PjaxAsset.php
            [message] => No short description for element '$depends'
        )

)
